<!doctype html public "-//w3c//dtd html 4.0 transitional//en">
<html><head>
<title>Static Call Graph - [STM32L471_FAN\STM32L471_FAN.axf]</title></head>
<body><HR>
<H1>Static Call Graph for image STM32L471_FAN\STM32L471_FAN.axf</H1><HR>
<BR><P>#&#060CALLGRAPH&#062# ARM Linker, 6240002: Last Updated: Wed Jul 22 15:26:11 2026
<BR><P>
<H3>Maximum Stack Usage =       2016 bytes + Unknown(Cycles, Untraceable Function Pointers)</H3><H3>
Call chain for Maximum Stack Depth:</H3>
ui_WeatherPage_on_draw &rArr; ui_heiti_font_get_16 &rArr; HeitiFont_Open &rArr; lfs_file_opencfg &rArr; lfs_fs_forceconsistency &rArr; lfs_fs_deorphan &rArr; lfs_dir_orphaningcommit &rArr; lfs_dir_relocatingcommit &rArr; lfs_dir_compact &rArr; lfs_dir_commitcrc &rArr; lfs_dir_commitattr &rArr; lfs_bd_prog &rArr; lfs_bd_flush &rArr; lfs_bd_read &rArr; __aeabi_memcpy
<P>
<H3>
Mutually Recursive functions
</H3> <LI><a href="#[32]">ADC1_2_IRQHandler</a>&nbsp;&nbsp;&nbsp;&rArr;&nbsp;&nbsp;&nbsp;<a href="#[32]">ADC1_2_IRQHandler</a><BR>
 <LI><a href="#[1a]">BusFault_Handler</a>&nbsp;&nbsp;&nbsp;&rArr;&nbsp;&nbsp;&nbsp;<a href="#[1a]">BusFault_Handler</a><BR>
 <LI><a href="#[2b4]">egui_api_assert</a>&nbsp;&nbsp;&nbsp;&rArr;&nbsp;&nbsp;&nbsp;<a href="#[2b4]">egui_api_assert</a><BR>
 <LI><a href="#[18]">HardFault_Handler</a>&nbsp;&nbsp;&nbsp;&rArr;&nbsp;&nbsp;&nbsp;<a href="#[18]">HardFault_Handler</a><BR>
 <LI><a href="#[19]">MemManage_Handler</a>&nbsp;&nbsp;&nbsp;&rArr;&nbsp;&nbsp;&nbsp;<a href="#[19]">MemManage_Handler</a><BR>
 <LI><a href="#[17]">NMI_Handler</a>&nbsp;&nbsp;&nbsp;&rArr;&nbsp;&nbsp;&nbsp;<a href="#[17]">NMI_Handler</a><BR>
 <LI><a href="#[1b]">UsageFault_Handler</a>&nbsp;&nbsp;&nbsp;&rArr;&nbsp;&nbsp;&nbsp;<a href="#[1b]">UsageFault_Handler</a><BR>
 <LI><a href="#[2ad]">bezier_cubic_recursive</a>&nbsp;&nbsp;&nbsp;&rArr;&nbsp;&nbsp;&nbsp;<a href="#[2ad]">bezier_cubic_recursive</a><BR>
</UL>
<P>
<H3>
Function Pointers
</H3><UL>
 <LI><a href="#[32]">ADC1_2_IRQHandler</a> from startup_stm32l471xx.o(.text) referenced from startup_stm32l471xx.o(RESET)
 <LI><a href="#[4f]">ADC3_IRQHandler</a> from startup_stm32l471xx.o(.text) referenced from startup_stm32l471xx.o(RESET)
 <LI><a href="#[8c]">AppDataTask</a> from user_appdatatask.o(.text.AppDataTask) referenced 2 times from user_tasksinit.o(.text.User_Tasks_Init)
 <LI><a href="#[1a]">BusFault_Handler</a> from stm32l4xx_it.o(.text.BusFault_Handler) referenced from startup_stm32l471xx.o(RESET)
 <LI><a href="#[34]">CAN1_RX0_IRQHandler</a> from startup_stm32l471xx.o(.text) referenced from startup_stm32l471xx.o(RESET)
 <LI><a href="#[35]">CAN1_RX1_IRQHandler</a> from startup_stm32l471xx.o(.text) referenced from startup_stm32l471xx.o(RESET)
 <LI><a href="#[36]">CAN1_SCE_IRQHandler</a> from startup_stm32l471xx.o(.text) referenced from startup_stm32l471xx.o(RESET)
 <LI><a href="#[33]">CAN1_TX_IRQHandler</a> from startup_stm32l471xx.o(.text) referenced from startup_stm32l471xx.o(RESET)
 <LI><a href="#[60]">COMP_IRQHandler</a> from startup_stm32l471xx.o(.text) referenced from startup_stm32l471xx.o(RESET)
 <LI><a href="#[5d]">DFSDM1_FLT0_IRQHandler</a> from startup_stm32l471xx.o(.text) referenced from startup_stm32l471xx.o(RESET)
 <LI><a href="#[5e]">DFSDM1_FLT1_IRQHandler</a> from startup_stm32l471xx.o(.text) referenced from startup_stm32l471xx.o(RESET)
 <LI><a href="#[5f]">DFSDM1_FLT2_IRQHandler</a> from startup_stm32l471xx.o(.text) referenced from startup_stm32l471xx.o(RESET)
 <LI><a href="#[4a]">DFSDM1_FLT3_IRQHandler</a> from startup_stm32l471xx.o(.text) referenced from startup_stm32l471xx.o(RESET)
 <LI><a href="#[2b]">DMA1_Channel1_IRQHandler</a> from startup_stm32l471xx.o(.text) referenced from startup_stm32l471xx.o(RESET)
 <LI><a href="#[2c]">DMA1_Channel2_IRQHandler</a> from startup_stm32l471xx.o(.text) referenced from startup_stm32l471xx.o(RESET)
 <LI><a href="#[2d]">DMA1_Channel3_IRQHandler</a> from stm32l4xx_it.o(.text.DMA1_Channel3_IRQHandler) referenced from startup_stm32l471xx.o(RESET)
 <LI><a href="#[2e]">DMA1_Channel4_IRQHandler</a> from startup_stm32l471xx.o(.text) referenced from startup_stm32l471xx.o(RESET)
 <LI><a href="#[2f]">DMA1_Channel5_IRQHandler</a> from startup_stm32l471xx.o(.text) referenced from startup_stm32l471xx.o(RESET)
 <LI><a href="#[30]">DMA1_Channel6_IRQHandler</a> from stm32l4xx_it.o(.text.DMA1_Channel6_IRQHandler) referenced from startup_stm32l471xx.o(RESET)
 <LI><a href="#[31]">DMA1_Channel7_IRQHandler</a> from startup_stm32l471xx.o(.text) referenced from startup_stm32l471xx.o(RESET)
 <LI><a href="#[58]">DMA2_Channel1_IRQHandler</a> from startup_stm32l471xx.o(.text) referenced from startup_stm32l471xx.o(RESET)
 <LI><a href="#[59]">DMA2_Channel2_IRQHandler</a> from startup_stm32l471xx.o(.text) referenced from startup_stm32l471xx.o(RESET)
 <LI><a href="#[5a]">DMA2_Channel3_IRQHandler</a> from startup_stm32l471xx.o(.text) referenced from startup_stm32l471xx.o(RESET)
 <LI><a href="#[5b]">DMA2_Channel4_IRQHandler</a> from startup_stm32l471xx.o(.text) referenced from startup_stm32l471xx.o(RESET)
 <LI><a href="#[5c]">DMA2_Channel5_IRQHandler</a> from startup_stm32l471xx.o(.text) referenced from startup_stm32l471xx.o(RESET)
 <LI><a href="#[63]">DMA2_Channel6_IRQHandler</a> from startup_stm32l471xx.o(.text) referenced from startup_stm32l471xx.o(RESET)
 <LI><a href="#[64]">DMA2_Channel7_IRQHandler</a> from startup_stm32l471xx.o(.text) referenced from startup_stm32l471xx.o(RESET)
 <LI><a href="#[1d]">DebugMon_Handler</a> from stm32l4xx_it.o(.text.DebugMon_Handler) referenced from startup_stm32l471xx.o(RESET)
 <LI><a href="#[8a]">EGUIHandlerTask</a> from user_eguitask.o(.text.EGUIHandlerTask) referenced 2 times from user_tasksinit.o(.text.User_Tasks_Init)
 <LI><a href="#[26]">EXTI0_IRQHandler</a> from startup_stm32l471xx.o(.text) referenced from startup_stm32l471xx.o(RESET)
 <LI><a href="#[48]">EXTI15_10_IRQHandler</a> from startup_stm32l471xx.o(.text) referenced from startup_stm32l471xx.o(RESET)
 <LI><a href="#[27]">EXTI1_IRQHandler</a> from startup_stm32l471xx.o(.text) referenced from startup_stm32l471xx.o(RESET)
 <LI><a href="#[28]">EXTI2_IRQHandler</a> from startup_stm32l471xx.o(.text) referenced from startup_stm32l471xx.o(RESET)
 <LI><a href="#[29]">EXTI3_IRQHandler</a> from startup_stm32l471xx.o(.text) referenced from startup_stm32l471xx.o(RESET)
 <LI><a href="#[2a]">EXTI4_IRQHandler</a> from startup_stm32l471xx.o(.text) referenced from startup_stm32l471xx.o(RESET)
 <LI><a href="#[37]">EXTI9_5_IRQHandler</a> from startup_stm32l471xx.o(.text) referenced from startup_stm32l471xx.o(RESET)
 <LI><a href="#[24]">FLASH_IRQHandler</a> from startup_stm32l471xx.o(.text) referenced from startup_stm32l471xx.o(RESET)
 <LI><a href="#[50]">FMC_IRQHandler</a> from startup_stm32l471xx.o(.text) referenced from startup_stm32l471xx.o(RESET)
 <LI><a href="#[6e]">FPU_IRQHandler</a> from startup_stm32l471xx.o(.text) referenced from startup_stm32l471xx.o(RESET)
 <LI><a href="#[89]">FanTask</a> from user_fantask.o(.text.FanTask) referenced 2 times from user_tasksinit.o(.text.User_Tasks_Init)
 <LI><a href="#[18]">HardFault_Handler</a> from stm32l4xx_it.o(.text.HardFault_Handler) referenced from startup_stm32l471xx.o(RESET)
 <LI><a href="#[85]">HardwareInitTask</a> from user_hardwareinittask.o(.text.HardwareInitTask) referenced 2 times from user_tasksinit.o(.text.User_Tasks_Init)
 <LI><a href="#[40]">I2C1_ER_IRQHandler</a> from startup_stm32l471xx.o(.text) referenced from startup_stm32l471xx.o(RESET)
 <LI><a href="#[3f]">I2C1_EV_IRQHandler</a> from startup_stm32l471xx.o(.text) referenced from startup_stm32l471xx.o(RESET)
 <LI><a href="#[42]">I2C2_ER_IRQHandler</a> from startup_stm32l471xx.o(.text) referenced from startup_stm32l471xx.o(RESET)
 <LI><a href="#[41]">I2C2_EV_IRQHandler</a> from startup_stm32l471xx.o(.text) referenced from startup_stm32l471xx.o(RESET)
 <LI><a href="#[68]">I2C3_ER_IRQHandler</a> from startup_stm32l471xx.o(.text) referenced from startup_stm32l471xx.o(RESET)
 <LI><a href="#[67]">I2C3_EV_IRQHandler</a> from startup_stm32l471xx.o(.text) referenced from startup_stm32l471xx.o(RESET)
 <LI><a href="#[87]">KeyManllegeTask</a> from user_keymanllegetask.o(.text.KeyManllegeTask) referenced 2 times from user_tasksinit.o(.text.User_Tasks_Init)
 <LI><a href="#[86]">KeyTask</a> from user_keytask.o(.text.KeyTask) referenced 2 times from user_tasksinit.o(.text.User_Tasks_Init)
 <LI><a href="#[88]">LEDTask</a> from user_ledtask.o(.text.LEDTask) referenced 2 times from user_tasksinit.o(.text.User_Tasks_Init)
 <LI><a href="#[61]">LPTIM1_IRQHandler</a> from stm32l4xx_it.o(.text.LPTIM1_IRQHandler) referenced from startup_stm32l471xx.o(RESET)
 <LI><a href="#[62]">LPTIM2_IRQHandler</a> from startup_stm32l471xx.o(.text) referenced from startup_stm32l471xx.o(RESET)
 <LI><a href="#[65]">LPUART1_IRQHandler</a> from startup_stm32l471xx.o(.text) referenced from startup_stm32l471xx.o(RESET)
 <LI><a href="#[19]">MemManage_Handler</a> from stm32l4xx_it.o(.text.MemManage_Handler) referenced from startup_stm32l471xx.o(RESET)
 <LI><a href="#[17]">NMI_Handler</a> from stm32l4xx_it.o(.text.NMI_Handler) referenced from startup_stm32l471xx.o(RESET)
 <LI><a href="#[21]">PVD_PVM_IRQHandler</a> from startup_stm32l471xx.o(.text) referenced from startup_stm32l471xx.o(RESET)
 <LI><a href="#[1e]">PendSV_Handler</a> from stm32l4xx_it.o(.text.PendSV_Handler) referenced from startup_stm32l471xx.o(RESET)
 <LI><a href="#[66]">QUADSPI_IRQHandler</a> from startup_stm32l471xx.o(.text) referenced from startup_stm32l471xx.o(RESET)
 <LI><a href="#[25]">RCC_IRQHandler</a> from startup_stm32l471xx.o(.text) referenced from startup_stm32l471xx.o(RESET)
 <LI><a href="#[6d]">RNG_IRQHandler</a> from startup_stm32l471xx.o(.text) referenced from startup_stm32l471xx.o(RESET)
 <LI><a href="#[49]">RTC_Alarm_IRQHandler</a> from startup_stm32l471xx.o(.text) referenced from startup_stm32l471xx.o(RESET)
 <LI><a href="#[23]">RTC_WKUP_IRQHandler</a> from startup_stm32l471xx.o(.text) referenced from startup_stm32l471xx.o(RESET)
 <LI><a href="#[16]">Reset_Handler</a> from startup_stm32l471xx.o(.text) referenced from startup_stm32l471xx.o(RESET)
 <LI><a href="#[69]">SAI1_IRQHandler</a> from startup_stm32l471xx.o(.text) referenced from startup_stm32l471xx.o(RESET)
 <LI><a href="#[6a]">SAI2_IRQHandler</a> from startup_stm32l471xx.o(.text) referenced from startup_stm32l471xx.o(RESET)
 <LI><a href="#[51]">SDMMC1_IRQHandler</a> from startup_stm32l471xx.o(.text) referenced from startup_stm32l471xx.o(RESET)
 <LI><a href="#[43]">SPI1_IRQHandler</a> from stm32l4xx_it.o(.text.SPI1_IRQHandler) referenced from startup_stm32l471xx.o(RESET)
 <LI><a href="#[44]">SPI2_IRQHandler</a> from startup_stm32l471xx.o(.text) referenced from startup_stm32l471xx.o(RESET)
 <LI><a href="#[53]">SPI3_IRQHandler</a> from startup_stm32l471xx.o(.text) referenced from startup_stm32l471xx.o(RESET)
 <LI><a href="#[7a]">SPI_DMAAbortOnError</a> from stm32l4xx_hal_spi.o(.text.SPI_DMAAbortOnError) referenced 2 times from stm32l4xx_hal_spi.o(.text.HAL_SPI_IRQHandler)
 <LI><a href="#[7d]">SPI_DMAError</a> from stm32l4xx_hal_spi.o(.text.SPI_DMAError) referenced 2 times from stm32l4xx_hal_spi.o(.text.HAL_SPI_Transmit_DMA)
 <LI><a href="#[7b]">SPI_DMAHalfTransmitCplt</a> from stm32l4xx_hal_spi.o(.text.SPI_DMAHalfTransmitCplt) referenced 2 times from stm32l4xx_hal_spi.o(.text.HAL_SPI_Transmit_DMA)
 <LI><a href="#[7c]">SPI_DMATransmitCplt</a> from stm32l4xx_hal_spi.o(.text.SPI_DMATransmitCplt) referenced 2 times from stm32l4xx_hal_spi.o(.text.HAL_SPI_Transmit_DMA)
 <LI><a href="#[1c]">SVC_Handler</a> from stm32l4xx_it.o(.text.SVC_Handler) referenced from startup_stm32l471xx.o(RESET)
 <LI><a href="#[6b]">SWPMI1_IRQHandler</a> from startup_stm32l471xx.o(.text) referenced from startup_stm32l471xx.o(RESET)
 <LI><a href="#[82]">ScreenIdleTimeout</a> from systemmonitor_app.o(.text.ScreenIdleTimeout) referenced 2 times from systemmonitor_app.o(.text.UserMonitor_Init)
 <LI><a href="#[1f]">SysTick_Handler</a> from stm32l4xx_it.o(.text.SysTick_Handler) referenced from startup_stm32l471xx.o(RESET)
 <LI><a href="#[84]">SystemAutoOffTimeout</a> from systemmonitor_app.o(.text.SystemAutoOffTimeout) referenced 2 times from systemmonitor_app.o(.text.UserMonitor_Init)
 <LI><a href="#[70]">SystemInit</a> from system_stm32l4xx.o(.text.SystemInit) referenced from startup_stm32l471xx.o(.text)
 <LI><a href="#[22]">TAMP_STAMP_IRQHandler</a> from startup_stm32l471xx.o(.text) referenced from startup_stm32l471xx.o(RESET)
 <LI><a href="#[38]">TIM1_BRK_TIM15_IRQHandler</a> from startup_stm32l471xx.o(.text) referenced from startup_stm32l471xx.o(RESET)
 <LI><a href="#[3b]">TIM1_CC_IRQHandler</a> from startup_stm32l471xx.o(.text) referenced from startup_stm32l471xx.o(RESET)
 <LI><a href="#[3a]">TIM1_TRG_COM_TIM17_IRQHandler</a> from stm32l4xx_it.o(.text.TIM1_TRG_COM_TIM17_IRQHandler) referenced from startup_stm32l471xx.o(RESET)
 <LI><a href="#[39]">TIM1_UP_TIM16_IRQHandler</a> from stm32l4xx_it.o(.text.TIM1_UP_TIM16_IRQHandler) referenced from startup_stm32l471xx.o(RESET)
 <LI><a href="#[3c]">TIM2_IRQHandler</a> from stm32l4xx_it.o(.text.TIM2_IRQHandler) referenced from startup_stm32l471xx.o(RESET)
 <LI><a href="#[3d]">TIM3_IRQHandler</a> from startup_stm32l471xx.o(.text) referenced from startup_stm32l471xx.o(RESET)
 <LI><a href="#[3e]">TIM4_IRQHandler</a> from startup_stm32l471xx.o(.text) referenced from startup_stm32l471xx.o(RESET)
 <LI><a href="#[52]">TIM5_IRQHandler</a> from startup_stm32l471xx.o(.text) referenced from startup_stm32l471xx.o(RESET)
 <LI><a href="#[56]">TIM6_DAC_IRQHandler</a> from stm32l4xx_it.o(.text.TIM6_DAC_IRQHandler) referenced from startup_stm32l471xx.o(RESET)
 <LI><a href="#[57]">TIM7_IRQHandler</a> from startup_stm32l471xx.o(.text) referenced from startup_stm32l471xx.o(RESET)
 <LI><a href="#[4b]">TIM8_BRK_IRQHandler</a> from startup_stm32l471xx.o(.text) referenced from startup_stm32l471xx.o(RESET)
 <LI><a href="#[4e]">TIM8_CC_IRQHandler</a> from startup_stm32l471xx.o(.text) referenced from startup_stm32l471xx.o(RESET)
 <LI><a href="#[4d]">TIM8_TRG_COM_IRQHandler</a> from startup_stm32l471xx.o(.text) referenced from startup_stm32l471xx.o(RESET)
 <LI><a href="#[4c]">TIM8_UP_IRQHandler</a> from startup_stm32l471xx.o(.text) referenced from startup_stm32l471xx.o(RESET)
 <LI><a href="#[6c]">TSC_IRQHandler</a> from startup_stm32l471xx.o(.text) referenced from startup_stm32l471xx.o(RESET)
 <LI><a href="#[8b]">TransmitTask</a> from user_transmittask.o(.text.TransmitTask) referenced 2 times from user_tasksinit.o(.text.User_Tasks_Init)
 <LI><a href="#[54]">UART4_IRQHandler</a> from startup_stm32l471xx.o(.text) referenced from startup_stm32l471xx.o(RESET)
 <LI><a href="#[55]">UART5_IRQHandler</a> from startup_stm32l471xx.o(.text) referenced from startup_stm32l471xx.o(RESET)
 <LI><a href="#[7e]">UART_DMAAbortOnError</a> from stm32l4xx_hal_uart.o(.text.UART_DMAAbortOnError) referenced 2 times from stm32l4xx_hal_uart.o(.text.HAL_UART_IRQHandler)
 <LI><a href="#[81]">UART_DMAError</a> from stm32l4xx_hal_uart.o(.text.UART_DMAError) referenced 2 times from stm32l4xx_hal_uart.o(.text.HAL_UART_Receive_DMA)
 <LI><a href="#[7f]">UART_DMAReceiveCplt</a> from stm32l4xx_hal_uart.o(.text.UART_DMAReceiveCplt) referenced 2 times from stm32l4xx_hal_uart.o(.text.HAL_UART_Receive_DMA)
 <LI><a href="#[80]">UART_DMARxHalfCplt</a> from stm32l4xx_hal_uart.o(.text.UART_DMARxHalfCplt) referenced 2 times from stm32l4xx_hal_uart.o(.text.HAL_UART_Receive_DMA)
 <LI><a href="#[45]">USART1_IRQHandler</a> from startup_stm32l471xx.o(.text) referenced from startup_stm32l471xx.o(RESET)
 <LI><a href="#[46]">USART2_IRQHandler</a> from stm32l4xx_it.o(.text.USART2_IRQHandler) referenced from startup_stm32l471xx.o(RESET)
 <LI><a href="#[47]">USART3_IRQHandler</a> from startup_stm32l471xx.o(.text) referenced from startup_stm32l471xx.o(RESET)
 <LI><a href="#[1b]">UsageFault_Handler</a> from stm32l4xx_it.o(.text.UsageFault_Handler) referenced from startup_stm32l471xx.o(RESET)
 <LI><a href="#[20]">WWDG_IRQHandler</a> from startup_stm32l471xx.o(.text) referenced from startup_stm32l471xx.o(RESET)
 <LI><a href="#[8d]">WeatherSyncTask</a> from user_weathersynctask.o(.text.WeatherSyncTask) referenced 2 times from user_tasksinit.o(.text.User_Tasks_Init)
 <LI><a href="#[83]">WeatherSyncTimeout</a> from systemmonitor_app.o(.text.WeatherSyncTimeout) referenced 2 times from systemmonitor_app.o(.text.UserMonitor_Init)
 <LI><a href="#[71]">__main</a> from entry.o(.ARM.Collect$$$$00000000) referenced from startup_stm32l471xx.o(.text)
 <LI><a href="#[73]">_sbackspace</a> from _sgetc.o(.text) referenced 2 times from __0sscanf.o(.text)
 <LI><a href="#[74]">_scanf_char_input</a> from scanf_char.o(.text) referenced from scanf_char.o(.text)
 <LI><a href="#[72]">_sgetc</a> from _sgetc.o(.text) referenced 2 times from __0sscanf.o(.text)
 <LI><a href="#[b6]">_snputc</a> from printfa.o(i._snputc) referenced from printfa.o(i.__0snprintf)
 <LI><a href="#[b7]">egui_font_std_draw_string</a> from egui_font_std.o(.text.egui_font_std_draw_string) referenced from egui_font_std.o(.rodata.egui_font_std_t_api_table)
 <LI><a href="#[b8]">egui_font_std_get_str_size</a> from egui_font_std.o(.text.egui_font_std_get_str_size) referenced from egui_font_std.o(.rodata.egui_font_std_t_api_table)
 <LI><a href="#[c8]">egui_image_default_draw_image</a> from egui_image.o(.text.egui_image_default_draw_image) referenced from egui_image.o(.rodata.egui_image_t_api_table)
 <LI><a href="#[ca]">egui_image_default_draw_image_color</a> from egui_image.o(.text.egui_image_default_draw_image_color) referenced from egui_image.o(.rodata.egui_image_t_api_table)
 <LI><a href="#[c9]">egui_image_default_draw_image_resize</a> from egui_image.o(.text.egui_image_default_draw_image_resize) referenced from egui_image.o(.rodata.egui_image_t_api_table)
 <LI><a href="#[cb]">egui_image_default_draw_image_resize_color</a> from egui_image.o(.text.egui_image_default_draw_image_resize_color) referenced from egui_image.o(.rodata.egui_image_t_api_table)
 <LI><a href="#[c6]">egui_image_default_get_point</a> from egui_image.o(.text.egui_image_default_get_point) referenced from egui_image.o(.rodata.egui_image_t_api_table)
 <LI><a href="#[c7]">egui_image_default_get_point_resize</a> from egui_image.o(.text.egui_image_default_get_point_resize) referenced from egui_image.o(.rodata.egui_image_t_api_table)
 <LI><a href="#[c5]">egui_image_default_get_size</a> from egui_image.o(.text.egui_image_default_get_size) referenced from egui_image.o(.rodata.egui_image_t_api_table)
 <LI><a href="#[bc]">egui_image_qoi_draw_image</a> from egui_image_qoi.o(.text.egui_image_qoi_draw_image) referenced from egui_image_qoi.o(.rodata.egui_image_qoi_t_api_table)
 <LI><a href="#[bd]">egui_image_qoi_draw_image_resize</a> from egui_image_qoi.o(.text.egui_image_qoi_draw_image_resize) referenced from egui_image_qoi.o(.rodata.egui_image_qoi_t_api_table)
 <LI><a href="#[ba]">egui_image_qoi_get_point</a> from egui_image_qoi.o(.text.egui_image_qoi_get_point) referenced from egui_image_qoi.o(.rodata.egui_image_qoi_t_api_table)
 <LI><a href="#[bb]">egui_image_qoi_get_point_resize</a> from egui_image_qoi.o(.text.egui_image_qoi_get_point_resize) referenced from egui_image_qoi.o(.rodata.egui_image_qoi_t_api_table)
 <LI><a href="#[b9]">egui_image_qoi_get_size</a> from egui_image_qoi.o(.text.egui_image_qoi_get_size) referenced from egui_image_qoi.o(.rodata.egui_image_qoi_t_api_table)
 <LI><a href="#[c1]">egui_image_std_draw_image</a> from egui_image_std.o(.text.egui_image_std_draw_image) referenced from egui_image_std.o(.rodata.egui_image_std_t_api_table)
 <LI><a href="#[c3]">egui_image_std_draw_image_color</a> from egui_image_std.o(.text.egui_image_std_draw_image_color) referenced from egui_image_std.o(.rodata.egui_image_std_t_api_table)
 <LI><a href="#[c2]">egui_image_std_draw_image_resize</a> from egui_image_std.o(.text.egui_image_std_draw_image_resize) referenced from egui_image_std.o(.rodata.egui_image_std_t_api_table)
 <LI><a href="#[c4]">egui_image_std_draw_image_resize_color</a> from egui_image_std.o(.text.egui_image_std_draw_image_resize_color) referenced from egui_image_std.o(.rodata.egui_image_std_t_api_table)
 <LI><a href="#[8e]">egui_image_std_get_pixel_rgb565</a> from egui_image_std.o(.text.egui_image_std_get_pixel_rgb565) referenced 2 times from egui_image_std.o(.text.egui_image_std_get_point)
 <LI><a href="#[8e]">egui_image_std_get_pixel_rgb565</a> from egui_image_std.o(.text.egui_image_std_get_pixel_rgb565) referenced 4 times from egui_image_std.o(.text.egui_image_std_get_point_resize)
 <LI><a href="#[90]">egui_image_std_get_pixel_rgb565_4</a> from egui_image_std.o(.text.egui_image_std_get_pixel_rgb565_4) referenced 2 times from egui_image_std.o(.text.egui_image_std_get_point)
 <LI><a href="#[90]">egui_image_std_get_pixel_rgb565_4</a> from egui_image_std.o(.text.egui_image_std_get_pixel_rgb565_4) referenced 2 times from egui_image_std.o(.text.egui_image_std_get_point_resize)
 <LI><a href="#[8f]">egui_image_std_get_pixel_rgb565_8</a> from egui_image_std.o(.text.egui_image_std_get_pixel_rgb565_8) referenced 2 times from egui_image_std.o(.text.egui_image_std_get_point)
 <LI><a href="#[8f]">egui_image_std_get_pixel_rgb565_8</a> from egui_image_std.o(.text.egui_image_std_get_pixel_rgb565_8) referenced 2 times from egui_image_std.o(.text.egui_image_std_get_point_resize)
 <LI><a href="#[bf]">egui_image_std_get_point</a> from egui_image_std.o(.text.egui_image_std_get_point) referenced from egui_image_std.o(.rodata.egui_image_std_t_api_table)
 <LI><a href="#[c0]">egui_image_std_get_point_resize</a> from egui_image_std.o(.text.egui_image_std_get_point_resize) referenced from egui_image_std.o(.rodata.egui_image_std_t_api_table)
 <LI><a href="#[be]">egui_image_std_get_size</a> from egui_image_std.o(.text.egui_image_std_get_size) referenced from egui_image_std.o(.rodata.egui_image_std_t_api_table)
 <LI><a href="#[92]">egui_lcd_dma_done</a> from egui_port_stm32l471_fan.o(.text.egui_lcd_dma_done) referenced 2 times from egui_port_stm32l471_fan.o(.text.egui_lcd_draw_area)
 <LI><a href="#[ea]">egui_lcd_draw_area</a> from egui_port_stm32l471_fan.o(.text.egui_lcd_draw_area) referenced from egui_port_stm32l471_fan.o(.rodata.s_egui_lcd_ops)
 <LI><a href="#[e9]">egui_lcd_init</a> from egui_port_stm32l471_fan.o(.text.egui_lcd_init) referenced from egui_port_stm32l471_fan.o(.rodata.s_egui_lcd_ops)
 <LI><a href="#[ec]">egui_lcd_set_brightness</a> from egui_port_stm32l471_fan.o(.text.egui_lcd_set_brightness) referenced from egui_port_stm32l471_fan.o(.rodata.s_egui_lcd_ops)
 <LI><a href="#[ed]">egui_lcd_set_power</a> from egui_port_stm32l471_fan.o(.text.egui_lcd_set_power) referenced from egui_port_stm32l471_fan.o(.rodata.s_egui_lcd_ops)
 <LI><a href="#[eb]">egui_lcd_wait_draw_complete</a> from egui_port_stm32l471_fan.o(.text.egui_lcd_wait_draw_complete) referenced from egui_port_stm32l471_fan.o(.rodata.s_egui_lcd_ops)
 <LI><a href="#[ee]">egui_port_assert_handler</a> from egui_port_stm32l471_fan.o(.text.egui_port_assert_handler) referenced from egui_port_stm32l471_fan.o(.rodata.s_egui_platform_ops)
 <LI><a href="#[ef]">egui_port_delay</a> from egui_port_stm32l471_fan.o(.text.egui_port_delay) referenced from egui_port_stm32l471_fan.o(.rodata.s_egui_platform_ops)
 <LI><a href="#[f0]">egui_port_get_tick_ms</a> from egui_port_stm32l471_fan.o(.text.egui_port_get_tick_ms) referenced from egui_port_stm32l471_fan.o(.rodata.s_egui_platform_ops)
 <LI><a href="#[f1]">egui_port_interrupt_disable</a> from egui_port_stm32l471_fan.o(.text.egui_port_interrupt_disable) referenced from egui_port_stm32l471_fan.o(.rodata.s_egui_platform_ops)
 <LI><a href="#[f2]">egui_port_interrupt_enable</a> from egui_port_stm32l471_fan.o(.text.egui_port_interrupt_enable) referenced from egui_port_stm32l471_fan.o(.rodata.s_egui_platform_ops)
 <LI><a href="#[93]">egui_port_ui_init</a> from egui_port_stm32l471_fan.o(.text.egui_port_ui_init) referenced 2 times from egui_port_stm32l471_fan.o(.text.egui_port_start)
 <LI><a href="#[91]">egui_refresh_timer_callback</a> from egui_core.o(.text.egui_refresh_timer_callback) referenced 2 times from egui_core.o(.text.egui_init_display)
 <LI><a href="#[d4]">egui_view_animated_image_on_draw</a> from egui_view_animated_image.o(.text.egui_view_animated_image_on_draw) referenced from egui_view_animated_image.o(.rodata.egui_view_animated_image_t_api_table)
 <LI><a href="#[d0]">egui_view_calculate_layout</a> from egui_view.o(.text.egui_view_calculate_layout) referenced from egui_view_animated_image.o(.rodata.egui_view_animated_image_t_api_table)
 <LI><a href="#[d0]">egui_view_calculate_layout</a> from egui_view.o(.text.egui_view_calculate_layout) referenced from egui_view_gauge.o(.rodata.egui_view_gauge_t_api_table)
 <LI><a href="#[d0]">egui_view_calculate_layout</a> from egui_view.o(.text.egui_view_calculate_layout) referenced from egui_view_label.o(.rodata.egui_view_label_t_api_table)
 <LI><a href="#[d0]">egui_view_calculate_layout</a> from egui_view.o(.text.egui_view_calculate_layout) referenced from egui_view.o(.rodata.egui_view_t_api_table)
 <LI><a href="#[cf]">egui_view_compute_scroll</a> from egui_view.o(.text.egui_view_compute_scroll) referenced from egui_view_animated_image.o(.rodata.egui_view_animated_image_t_api_table)
 <LI><a href="#[cf]">egui_view_compute_scroll</a> from egui_view.o(.text.egui_view_compute_scroll) referenced from egui_view_gauge.o(.rodata.egui_view_gauge_t_api_table)
 <LI><a href="#[cf]">egui_view_compute_scroll</a> from egui_view.o(.text.egui_view_compute_scroll) referenced from egui_view_label.o(.rodata.egui_view_label_t_api_table)
 <LI><a href="#[cf]">egui_view_compute_scroll</a> from egui_view.o(.text.egui_view_compute_scroll) referenced from egui_view.o(.rodata.egui_view_t_api_table)
 <LI><a href="#[d6]">egui_view_dispatch_key_event</a> from egui_view.o(.text.egui_view_dispatch_key_event) referenced from egui_view_animated_image.o(.rodata.egui_view_animated_image_t_api_table)
 <LI><a href="#[d6]">egui_view_dispatch_key_event</a> from egui_view.o(.text.egui_view_dispatch_key_event) referenced from egui_view_gauge.o(.rodata.egui_view_gauge_t_api_table)
 <LI><a href="#[d6]">egui_view_dispatch_key_event</a> from egui_view.o(.text.egui_view_dispatch_key_event) referenced from egui_view_label.o(.rodata.egui_view_label_t_api_table)
 <LI><a href="#[d6]">egui_view_dispatch_key_event</a> from egui_view.o(.text.egui_view_dispatch_key_event) referenced from egui_view.o(.rodata.egui_view_t_api_table)
 <LI><a href="#[cc]">egui_view_dispatch_touch_event</a> from egui_view.o(.text.egui_view_dispatch_touch_event) referenced from egui_view_animated_image.o(.rodata.egui_view_animated_image_t_api_table)
 <LI><a href="#[cc]">egui_view_dispatch_touch_event</a> from egui_view.o(.text.egui_view_dispatch_touch_event) referenced from egui_view_gauge.o(.rodata.egui_view_gauge_t_api_table)
 <LI><a href="#[cc]">egui_view_dispatch_touch_event</a> from egui_view.o(.text.egui_view_dispatch_touch_event) referenced from egui_view_label.o(.rodata.egui_view_label_t_api_table)
 <LI><a href="#[cc]">egui_view_dispatch_touch_event</a> from egui_view.o(.text.egui_view_dispatch_touch_event) referenced from egui_view.o(.rodata.egui_view_t_api_table)
 <LI><a href="#[d2]">egui_view_draw</a> from egui_view.o(.text.egui_view_draw) referenced from egui_view_animated_image.o(.rodata.egui_view_animated_image_t_api_table)
 <LI><a href="#[d2]">egui_view_draw</a> from egui_view.o(.text.egui_view_draw) referenced from egui_view_gauge.o(.rodata.egui_view_gauge_t_api_table)
 <LI><a href="#[d2]">egui_view_draw</a> from egui_view.o(.text.egui_view_draw) referenced from egui_view_label.o(.rodata.egui_view_label_t_api_table)
 <LI><a href="#[d2]">egui_view_draw</a> from egui_view.o(.text.egui_view_draw) referenced from egui_view.o(.rodata.egui_view_t_api_table)
 <LI><a href="#[d9]">egui_view_gauge_draw_text_basic</a> from egui_view_gauge.o(.text.egui_view_gauge_draw_text_basic) referenced from egui_view_gauge.o(.rodata.egui_view_gauge_basic_text_ops)
 <LI><a href="#[db]">egui_view_gauge_draw_text_rich</a> from egui_view_gauge.o(.text.egui_view_gauge_draw_text_rich) referenced from egui_view_gauge.o(.rodata.egui_view_gauge_rich_text_ops)
 <LI><a href="#[d8]">egui_view_gauge_get_text_region_basic</a> from egui_view_gauge.o(.text.egui_view_gauge_get_text_region_basic) referenced from egui_view_gauge.o(.rodata.egui_view_gauge_basic_text_ops)
 <LI><a href="#[da]">egui_view_gauge_get_text_region_rich</a> from egui_view_gauge.o(.text.egui_view_gauge_get_text_region_rich) referenced from egui_view_gauge.o(.rodata.egui_view_gauge_rich_text_ops)
 <LI><a href="#[dc]">egui_view_gauge_on_draw</a> from egui_view_gauge.o(.text.egui_view_gauge_on_draw) referenced from egui_view_gauge.o(.rodata.egui_view_gauge_t_api_table)
 <LI><a href="#[e1]">egui_view_group_calculate_layout</a> from egui_view_group.o(.text.egui_view_group_calculate_layout) referenced from egui_view_group.o(.rodata.egui_view_group_t_api_table)
 <LI><a href="#[e1]">egui_view_group_calculate_layout</a> from egui_view_group.o(.text.egui_view_group_calculate_layout) referenced from egui_view_group.o(.rodata.egui_view_root_group_t_api_table)
 <LI><a href="#[e0]">egui_view_group_compute_scroll</a> from egui_view_group.o(.text.egui_view_group_compute_scroll) referenced from egui_view_group.o(.rodata.egui_view_group_t_api_table)
 <LI><a href="#[e0]">egui_view_group_compute_scroll</a> from egui_view_group.o(.text.egui_view_group_compute_scroll) referenced from egui_view_group.o(.rodata.egui_view_root_group_t_api_table)
 <LI><a href="#[e7]">egui_view_group_dispatch_key_event</a> from egui_view_group.o(.text.egui_view_group_dispatch_key_event) referenced from egui_view_group.o(.rodata.egui_view_group_t_api_table)
 <LI><a href="#[e7]">egui_view_group_dispatch_key_event</a> from egui_view_group.o(.text.egui_view_group_dispatch_key_event) referenced from egui_view_group.o(.rodata.egui_view_root_group_t_api_table)
 <LI><a href="#[dd]">egui_view_group_dispatch_touch_event</a> from egui_view_group.o(.text.egui_view_group_dispatch_touch_event) referenced from egui_view_group.o(.rodata.egui_view_group_t_api_table)
 <LI><a href="#[dd]">egui_view_group_dispatch_touch_event</a> from egui_view_group.o(.text.egui_view_group_dispatch_touch_event) referenced from egui_view_group.o(.rodata.egui_view_root_group_t_api_table)
 <LI><a href="#[e3]">egui_view_group_draw</a> from egui_view_group.o(.text.egui_view_group_draw) referenced from egui_view_group.o(.rodata.egui_view_group_t_api_table)
 <LI><a href="#[e3]">egui_view_group_draw</a> from egui_view_group.o(.text.egui_view_group_draw) referenced from egui_view_group.o(.rodata.egui_view_root_group_t_api_table)
 <LI><a href="#[e4]">egui_view_group_on_attach_to_window</a> from egui_view_group.o(.text.egui_view_group_on_attach_to_window) referenced from egui_view_group.o(.rodata.egui_view_group_t_api_table)
 <LI><a href="#[e4]">egui_view_group_on_attach_to_window</a> from egui_view_group.o(.text.egui_view_group_on_attach_to_window) referenced from egui_view_group.o(.rodata.egui_view_root_group_t_api_table)
 <LI><a href="#[e6]">egui_view_group_on_detach_from_window</a> from egui_view_group.o(.text.egui_view_group_on_detach_from_window) referenced from egui_view_group.o(.rodata.egui_view_group_t_api_table)
 <LI><a href="#[e6]">egui_view_group_on_detach_from_window</a> from egui_view_group.o(.text.egui_view_group_on_detach_from_window) referenced from egui_view_group.o(.rodata.egui_view_root_group_t_api_table)
 <LI><a href="#[df]">egui_view_group_on_intercept_touch_event</a> from egui_view_group.o(.text.egui_view_group_on_intercept_touch_event) referenced from egui_view_group.o(.rodata.egui_view_group_t_api_table)
 <LI><a href="#[df]">egui_view_group_on_intercept_touch_event</a> from egui_view_group.o(.text.egui_view_group_on_intercept_touch_event) referenced from egui_view_group.o(.rodata.egui_view_root_group_t_api_table)
 <LI><a href="#[de]">egui_view_group_on_touch_event</a> from egui_view_group.o(.text.egui_view_group_on_touch_event) referenced from egui_view_group.o(.rodata.egui_view_group_t_api_table)
 <LI><a href="#[de]">egui_view_group_on_touch_event</a> from egui_view_group.o(.text.egui_view_group_on_touch_event) referenced from egui_view_group.o(.rodata.egui_view_root_group_t_api_table)
 <LI><a href="#[e2]">egui_view_group_request_layout</a> from egui_view_group.o(.text.egui_view_group_request_layout) referenced from egui_view_group.o(.rodata.egui_view_group_t_api_table)
 <LI><a href="#[e2]">egui_view_group_request_layout</a> from egui_view_group.o(.text.egui_view_group_request_layout) referenced from egui_view_group.o(.rodata.egui_view_root_group_t_api_table)
 <LI><a href="#[e8]">egui_view_label_on_draw</a> from egui_view_label.o(.text.egui_view_label_on_draw) referenced from egui_view_label.o(.rodata.egui_view_label_t_api_table)
 <LI><a href="#[d3]">egui_view_on_attach_to_window</a> from egui_view.o(.text.egui_view_on_attach_to_window) referenced from egui_view_animated_image.o(.rodata.egui_view_animated_image_t_api_table)
 <LI><a href="#[d3]">egui_view_on_attach_to_window</a> from egui_view.o(.text.egui_view_on_attach_to_window) referenced from egui_view_gauge.o(.rodata.egui_view_gauge_t_api_table)
 <LI><a href="#[d3]">egui_view_on_attach_to_window</a> from egui_view.o(.text.egui_view_on_attach_to_window) referenced from egui_view_label.o(.rodata.egui_view_label_t_api_table)
 <LI><a href="#[d3]">egui_view_on_attach_to_window</a> from egui_view.o(.text.egui_view_on_attach_to_window) referenced from egui_view.o(.rodata.egui_view_t_api_table)
 <LI><a href="#[d5]">egui_view_on_detach_from_window</a> from egui_view.o(.text.egui_view_on_detach_from_window) referenced from egui_view_animated_image.o(.rodata.egui_view_animated_image_t_api_table)
 <LI><a href="#[d5]">egui_view_on_detach_from_window</a> from egui_view.o(.text.egui_view_on_detach_from_window) referenced from egui_view_gauge.o(.rodata.egui_view_gauge_t_api_table)
 <LI><a href="#[d5]">egui_view_on_detach_from_window</a> from egui_view.o(.text.egui_view_on_detach_from_window) referenced from egui_view_label.o(.rodata.egui_view_label_t_api_table)
 <LI><a href="#[d5]">egui_view_on_detach_from_window</a> from egui_view.o(.text.egui_view_on_detach_from_window) referenced from egui_view.o(.rodata.egui_view_t_api_table)
 <LI><a href="#[e5]">egui_view_on_draw</a> from egui_view.o(.text.egui_view_on_draw) referenced from egui_view_group.o(.rodata.egui_view_group_t_api_table)
 <LI><a href="#[e5]">egui_view_on_draw</a> from egui_view.o(.text.egui_view_on_draw) referenced from egui_view_group.o(.rodata.egui_view_root_group_t_api_table)
 <LI><a href="#[e5]">egui_view_on_draw</a> from egui_view.o(.text.egui_view_on_draw) referenced from egui_view.o(.rodata.egui_view_t_api_table)
 <LI><a href="#[ce]">egui_view_on_intercept_touch_event</a> from egui_view.o(.text.egui_view_on_intercept_touch_event) referenced from egui_view_animated_image.o(.rodata.egui_view_animated_image_t_api_table)
 <LI><a href="#[ce]">egui_view_on_intercept_touch_event</a> from egui_view.o(.text.egui_view_on_intercept_touch_event) referenced from egui_view_gauge.o(.rodata.egui_view_gauge_t_api_table)
 <LI><a href="#[ce]">egui_view_on_intercept_touch_event</a> from egui_view.o(.text.egui_view_on_intercept_touch_event) referenced from egui_view_label.o(.rodata.egui_view_label_t_api_table)
 <LI><a href="#[ce]">egui_view_on_intercept_touch_event</a> from egui_view.o(.text.egui_view_on_intercept_touch_event) referenced from egui_view.o(.rodata.egui_view_t_api_table)
 <LI><a href="#[d7]">egui_view_on_key_event</a> from egui_view.o(.text.egui_view_on_key_event) referenced from egui_view_animated_image.o(.rodata.egui_view_animated_image_t_api_table)
 <LI><a href="#[d7]">egui_view_on_key_event</a> from egui_view.o(.text.egui_view_on_key_event) referenced from egui_view_gauge.o(.rodata.egui_view_gauge_t_api_table)
 <LI><a href="#[d7]">egui_view_on_key_event</a> from egui_view.o(.text.egui_view_on_key_event) referenced from egui_view_group.o(.rodata.egui_view_group_t_api_table)
 <LI><a href="#[d7]">egui_view_on_key_event</a> from egui_view.o(.text.egui_view_on_key_event) referenced from egui_view_label.o(.rodata.egui_view_label_t_api_table)
 <LI><a href="#[d7]">egui_view_on_key_event</a> from egui_view.o(.text.egui_view_on_key_event) referenced from egui_view_group.o(.rodata.egui_view_root_group_t_api_table)
 <LI><a href="#[d7]">egui_view_on_key_event</a> from egui_view.o(.text.egui_view_on_key_event) referenced from egui_view.o(.rodata.egui_view_t_api_table)
 <LI><a href="#[cd]">egui_view_on_touch_event</a> from egui_view.o(.text.egui_view_on_touch_event) referenced from egui_view_animated_image.o(.rodata.egui_view_animated_image_t_api_table)
 <LI><a href="#[cd]">egui_view_on_touch_event</a> from egui_view.o(.text.egui_view_on_touch_event) referenced from egui_view_gauge.o(.rodata.egui_view_gauge_t_api_table)
 <LI><a href="#[cd]">egui_view_on_touch_event</a> from egui_view.o(.text.egui_view_on_touch_event) referenced from egui_view_label.o(.rodata.egui_view_label_t_api_table)
 <LI><a href="#[cd]">egui_view_on_touch_event</a> from egui_view.o(.text.egui_view_on_touch_event) referenced from egui_view.o(.rodata.egui_view_t_api_table)
 <LI><a href="#[d1]">egui_view_request_layout</a> from egui_view.o(.text.egui_view_request_layout) referenced from egui_view_animated_image.o(.rodata.egui_view_animated_image_t_api_table)
 <LI><a href="#[d1]">egui_view_request_layout</a> from egui_view.o(.text.egui_view_request_layout) referenced from egui_view_gauge.o(.rodata.egui_view_gauge_t_api_table)
 <LI><a href="#[d1]">egui_view_request_layout</a> from egui_view.o(.text.egui_view_request_layout) referenced from egui_view_label.o(.rodata.egui_view_label_t_api_table)
 <LI><a href="#[d1]">egui_view_request_layout</a> from egui_view.o(.text.egui_view_request_layout) referenced from egui_view.o(.rodata.egui_view_t_api_table)
 <LI><a href="#[b5]">fputc</a> from log.o(.text.fputc) referenced from printfa.o(i.__0printf)
 <LI><a href="#[77]">generic_i2c_read</a> from sensors_app.o(.text.generic_i2c_read) referenced 2 times from sensors_app.o(.text.APP_Sensors_Init)
 <LI><a href="#[76]">generic_i2c_write</a> from sensors_app.o(.text.generic_i2c_write) referenced 2 times from sensors_app.o(.text.APP_Sensors_Init)
 <LI><a href="#[75]">isspace</a> from isspace_o.o(.text) referenced 2 times from scanf_char.o(.text)
 <LI><a href="#[94]">lfs_alloc_lookahead</a> from lfs.o(.text.lfs_alloc_lookahead) referenced 2 times from lfs.o(.text.lfs_alloc)
 <LI><a href="#[9f]">lfs_cfg_lock_cb</a> from lfs_port.o(.text.lfs_cfg_lock_cb) referenced 2 times from lfs_port.o(.text.lfs_port_init)
 <LI><a href="#[a0]">lfs_cfg_unlock_cb</a> from lfs_port.o(.text.lfs_cfg_unlock_cb) referenced 2 times from lfs_port.o(.text.lfs_port_init)
 <LI><a href="#[95]">lfs_dir_commit_commit</a> from lfs.o(.text.lfs_dir_commit_commit) referenced 2 times from lfs.o(.text.lfs_dir_compact)
 <LI><a href="#[95]">lfs_dir_commit_commit</a> from lfs.o(.text.lfs_dir_commit_commit) referenced 2 times from lfs.o(.text.lfs_dir_relocatingcommit)
 <LI><a href="#[97]">lfs_dir_commit_size</a> from lfs.o(.text.lfs_dir_commit_size) referenced 2 times from lfs.o(.text.lfs_dir_relocatingcommit)
 <LI><a href="#[96]">lfs_dir_find_match</a> from lfs.o(.text.lfs_dir_find_match) referenced 2 times from lfs.o(.text.lfs_dir_find)
 <LI><a href="#[96]">lfs_dir_find_match</a> from lfs.o(.text.lfs_dir_find_match) referenced 2 times from lfs.o(.text.lfs_mount)
 <LI><a href="#[99]">lfs_dir_traverse_filter</a> from lfs.o(.text.lfs_dir_traverse_filter) referenced 4 times from lfs.o(.text.lfs_dir_traverse)
 <LI><a href="#[9d]">lfs_erase_cb</a> from lfs_port.o(.text.lfs_erase_cb) referenced 2 times from lfs_port.o(.text.lfs_port_init)
 <LI><a href="#[9a]">lfs_fs_parent_match</a> from lfs.o(.text.lfs_fs_parent_match) referenced 2 times from lfs.o(.text.lfs_fs_parent)
 <LI><a href="#[98]">lfs_fs_size_count</a> from lfs.o(.text.lfs_fs_size_count) referenced 2 times from lfs.o(.text.lfs_dir_relocatingcommit)
 <LI><a href="#[9c]">lfs_prog_cb</a> from lfs_port.o(.text.lfs_prog_cb) referenced 2 times from lfs_port.o(.text.lfs_port_init)
 <LI><a href="#[9b]">lfs_read_cb</a> from lfs_port.o(.text.lfs_read_cb) referenced 2 times from lfs_port.o(.text.lfs_port_init)
 <LI><a href="#[9e]">lfs_sync_cb</a> from lfs_port.o(.text.lfs_sync_cb) referenced 2 times from lfs_port.o(.text.lfs_port_init)
 <LI><a href="#[6f]">main</a> from main.o(.text.main) referenced from entry9a.o(.ARM.Collect$$$$0000000B)
 <LI><a href="#[b3]">prvIdleTask</a> from tasks.o(.text.prvIdleTask) referenced 2 times from tasks.o(.text.vTaskStartScheduler)
 <LI><a href="#[a1]">prvTaskExitError</a> from port.o(.text.prvTaskExitError) referenced 2 times from port.o(.text.pxPortInitialiseStack)
 <LI><a href="#[b4]">prvTimerTask</a> from timers.o(.text.prvTimerTask) referenced 2 times from timers.o(.text.xTimerCreateTimerTask)
 <LI><a href="#[79]">sht40_i2c_read</a> from sensors_app.o(.text.sht40_i2c_read) referenced 2 times from sensors_app.o(.text.APP_Sensors_Init)
 <LI><a href="#[78]">sht40_i2c_write</a> from sensors_app.o(.text.sht40_i2c_write) referenced 2 times from sensors_app.o(.text.APP_Sensors_Init)
 <LI><a href="#[9]">ui_FanPage_key_handler</a> from ui_fanpage.o(.text.ui_FanPage_key_handler) referenced 2 times from ui.o(.data.s_pages)
 <LI><a href="#[a2]">ui_FanPage_on_draw</a> from ui_fanpage.o(.text.ui_FanPage_on_draw) referenced 2 times from ui_fanpage.o(.text.ui_FanPage_screen_init)
 <LI><a href="#[8]">ui_FanPage_screen_destroy</a> from ui_fanpage.o(.text.ui_FanPage_screen_destroy) referenced 2 times from ui.o(.data.s_pages)
 <LI><a href="#[7]">ui_FanPage_screen_init</a> from ui_fanpage.o(.text.ui_FanPage_screen_init) referenced 2 times from ui.o(.data.s_pages)
 <LI><a href="#[a3]">ui_FanPage_timer_cb</a> from ui_fanpage.o(.text.ui_FanPage_timer_cb) referenced 2 times from ui_fanpage.o(.text.ui_FanPage_screen_init)
 <LI><a href="#[6]">ui_HomePage_key_handler</a> from ui_homepage.o(.text.ui_HomePage_key_handler) referenced 2 times from ui.o(.data.s_pages)
 <LI><a href="#[a4]">ui_HomePage_on_draw</a> from ui_homepage.o(.text.ui_HomePage_on_draw) referenced 2 times from ui_homepage.o(.text.ui_HomePage_screen_init)
 <LI><a href="#[4]">ui_HomePage_screen_destroy</a> from ui_homepage.o(.text.ui_HomePage_screen_destroy) referenced 2 times from ui.o(.data.s_pages)
 <LI><a href="#[5]">ui_HomePage_screen_enter</a> from ui_homepage.o(.text.ui_HomePage_screen_enter) referenced 2 times from ui.o(.data.s_pages)
 <LI><a href="#[3]">ui_HomePage_screen_init</a> from ui_homepage.o(.text.ui_HomePage_screen_init) referenced 2 times from ui.o(.data.s_pages)
 <LI><a href="#[a5]">ui_HomePage_timer_cb</a> from ui_homepage.o(.text.ui_HomePage_timer_cb) referenced 2 times from ui_homepage.o(.text.ui_HomePage_screen_init)
 <LI><a href="#[11]">ui_PoetryPage_key_handler</a> from ui_poetrypage.o(.text.ui_PoetryPage_key_handler) referenced 2 times from ui.o(.data.s_pages)
 <LI><a href="#[a6]">ui_PoetryPage_on_draw</a> from ui_poetrypage.o(.text.ui_PoetryPage_on_draw) referenced 2 times from ui_poetrypage.o(.text.ui_PoetryPage_screen_init)
 <LI><a href="#[10]">ui_PoetryPage_on_enter</a> from ui_poetrypage.o(.text.ui_PoetryPage_on_enter) referenced 2 times from ui.o(.data.s_pages)
 <LI><a href="#[f]">ui_PoetryPage_screen_destroy</a> from ui_poetrypage.o(.text.ui_PoetryPage_screen_destroy) referenced 2 times from ui.o(.data.s_pages)
 <LI><a href="#[e]">ui_PoetryPage_screen_init</a> from ui_poetrypage.o(.text.ui_PoetryPage_screen_init) referenced 2 times from ui.o(.data.s_pages)
 <LI><a href="#[15]">ui_SettingPage_key_handler</a> from ui_settingpage.o(.text.ui_SettingPage_key_handler) referenced 2 times from ui.o(.data.s_pages)
 <LI><a href="#[a8]">ui_SettingPage_on_draw</a> from ui_settingpage.o(.text.ui_SettingPage_on_draw) referenced 2 times from ui_settingpage.o(.text.ui_SettingPage_screen_init)
 <LI><a href="#[13]">ui_SettingPage_screen_destroy</a> from ui_settingpage.o(.text.ui_SettingPage_screen_destroy) referenced 2 times from ui.o(.data.s_pages)
 <LI><a href="#[14]">ui_SettingPage_screen_enter</a> from ui_settingpage.o(.text.ui_SettingPage_screen_enter) referenced 2 times from ui.o(.data.s_pages)
 <LI><a href="#[12]">ui_SettingPage_screen_init</a> from ui_settingpage.o(.text.ui_SettingPage_screen_init) referenced 2 times from ui.o(.data.s_pages)
 <LI><a href="#[a7]">ui_SettingPage_timer_cb</a> from ui_settingpage.o(.text.ui_SettingPage_timer_cb) referenced 2 times from ui_settingpage.o(.text.ui_SettingPage_screen_enter)
 <LI><a href="#[2]">ui_StartPage_key_handler</a> from ui_startpage.o(.text.ui_StartPage_key_handler) referenced 2 times from ui.o(.data.s_pages)
 <LI><a href="#[a9]">ui_StartPage_on_draw</a> from ui_startpage.o(.text.ui_StartPage_on_draw) referenced 2 times from ui_startpage.o(.text.ui_StartPage_screen_init)
 <LI><a href="#[1]">ui_StartPage_screen_destroy</a> from ui_startpage.o(.text.ui_StartPage_screen_destroy) referenced 2 times from ui.o(.data.s_pages)
 <LI><a href="#[0]">ui_StartPage_screen_init</a> from ui_startpage.o(.text.ui_StartPage_screen_init) referenced 2 times from ui.o(.data.s_pages)
 <LI><a href="#[aa]">ui_StartPage_timer_cb</a> from ui_startpage.o(.text.ui_StartPage_timer_cb) referenced 2 times from ui_startpage.o(.text.ui_StartPage_screen_init)
 <LI><a href="#[c]">ui_WeatherPage_key_handler</a> from ui_weatherpage.o(.text.ui_WeatherPage_key_handler) referenced 2 times from ui.o(.data.s_pages)
 <LI><a href="#[ab]">ui_WeatherPage_on_draw</a> from ui_weatherpage.o(.text.ui_WeatherPage_on_draw) referenced 2 times from ui_weatherpage.o(.text.ui_WeatherPage_screen_init)
 <LI><a href="#[b]">ui_WeatherPage_screen_destroy</a> from ui_weatherpage.o(.text.ui_WeatherPage_screen_destroy) referenced 2 times from ui.o(.data.s_pages)
 <LI><a href="#[a]">ui_WeatherPage_screen_init</a> from ui_weatherpage.o(.text.ui_WeatherPage_screen_init) referenced 2 times from ui.o(.data.s_pages)
 <LI><a href="#[ac]">ui_WeatherPage_timer_cb</a> from ui_weatherpage.o(.text.ui_WeatherPage_timer_cb) referenced 2 times from ui_weatherpage.o(.text.ui_WeatherPage_screen_init)
 <LI><a href="#[f3]">ui_heiti_font_draw_string</a> from ui_heiti_font.o(.text.ui_heiti_font_draw_string) referenced from ui_heiti_font.o(.rodata.s_ui_heiti_font_api)
 <LI><a href="#[f4]">ui_heiti_font_get_str_size</a> from ui_heiti_font.o(.text.ui_heiti_font_get_str_size) referenced from ui_heiti_font.o(.rodata.s_ui_heiti_font_api)
 <LI><a href="#[ad]">ui_poetry_popup_on_draw</a> from ui_poetry_popup.o(.text.ui_poetry_popup_on_draw) referenced 2 times from ui_poetry_popup.o(.text.ui_poetry_popup_init)
 <LI><a href="#[ae]">ui_poetry_popup_timer_cb</a> from ui_poetry_popup.o(.text.ui_poetry_popup_timer_cb) referenced 2 times from ui_poetry_popup.o(.text.ui_poetry_popup_init)
 <LI><a href="#[af]">ui_shutdown_popup_on_draw</a> from ui_shutdown_popup.o(.text.ui_shutdown_popup_on_draw) referenced 2 times from ui_shutdown_popup.o(.text.ui_shutdown_popup_init)
 <LI><a href="#[b0]">ui_shutdown_popup_timer_cb</a> from ui_shutdown_popup.o(.text.ui_shutdown_popup_timer_cb) referenced 2 times from ui_shutdown_popup.o(.text.ui_shutdown_popup_init)
 <LI><a href="#[b1]">ui_system_popup_on_draw</a> from ui_system_popup.o(.text.ui_system_popup_on_draw) referenced 2 times from ui_system_popup.o(.text.ui_system_popup_init)
 <LI><a href="#[b2]">ui_system_popup_timer_cb</a> from ui_system_popup.o(.text.ui_system_popup_timer_cb) referenced 2 times from ui_system_popup.o(.text.ui_system_popup_init)
 <LI><a href="#[d]">ui_weather_page_nav_available</a> from ui.o(.text.ui_weather_page_nav_available) referenced 2 times from ui.o(.data.s_pages)
</UL>
<P>
<H3>
Global Symbols
</H3>
<P><STRONG><a name="[71]"></a>__main</STRONG> (Thumb, 0 bytes, Stack size unknown bytes, entry.o(.ARM.Collect$$$$00000000))
<BR>[Address Reference Count : 1]<UL><LI> startup_stm32l471xx.o(.text)
</UL>
<P><STRONG><a name="[473]"></a>_main_stk</STRONG> (Thumb, 0 bytes, Stack size unknown bytes, entry2.o(.ARM.Collect$$$$00000001))

<P><STRONG><a name="[f5]"></a>_main_scatterload</STRONG> (Thumb, 0 bytes, Stack size unknown bytes, entry5.o(.ARM.Collect$$$$00000004))
<BR><BR>[Calls]<UL><LI><a href="#[f6]">&gt;&gt;</a>&nbsp;&nbsp;&nbsp;__scatterload
</UL>

<P><STRONG><a name="[116]"></a>__main_after_scatterload</STRONG> (Thumb, 0 bytes, Stack size unknown bytes, entry5.o(.ARM.Collect$$$$00000004))
<BR><BR>[Called By]<UL><LI><a href="#[f6]">&gt;&gt;</a>&nbsp;&nbsp;&nbsp;__scatterload
</UL>

<P><STRONG><a name="[474]"></a>_main_clock</STRONG> (Thumb, 0 bytes, Stack size unknown bytes, entry7b.o(.ARM.Collect$$$$00000008))

<P><STRONG><a name="[475]"></a>_main_cpp_init</STRONG> (Thumb, 0 bytes, Stack size unknown bytes, entry8b.o(.ARM.Collect$$$$0000000A))

<P><STRONG><a name="[476]"></a>_main_init</STRONG> (Thumb, 0 bytes, Stack size unknown bytes, entry9a.o(.ARM.Collect$$$$0000000B))

<P><STRONG><a name="[477]"></a>__rt_final_cpp</STRONG> (Thumb, 0 bytes, Stack size unknown bytes, entry10a.o(.ARM.Collect$$$$0000000D))

<P><STRONG><a name="[478]"></a>__rt_final_exit</STRONG> (Thumb, 0 bytes, Stack size unknown bytes, entry11a.o(.ARM.Collect$$$$0000000F))

<P><STRONG><a name="[16]"></a>Reset_Handler</STRONG> (Thumb, 8 bytes, Stack size 0 bytes, startup_stm32l471xx.o(.text))
<BR>[Address Reference Count : 1]<UL><LI> startup_stm32l471xx.o(RESET)
</UL>
<P><STRONG><a name="[32]"></a>ADC1_2_IRQHandler</STRONG> (Thumb, 0 bytes, Stack size 0 bytes, startup_stm32l471xx.o(.text))
<BR><BR>[Calls]<UL><LI><a href="#[32]">&gt;&gt;</a>&nbsp;&nbsp;&nbsp;ADC1_2_IRQHandler
</UL>
<BR>[Called By]<UL><LI><a href="#[32]">&gt;&gt;</a>&nbsp;&nbsp;&nbsp;ADC1_2_IRQHandler
</UL>
<BR>[Address Reference Count : 1]<UL><LI> startup_stm32l471xx.o(RESET)
</UL>
<P><STRONG><a name="[4f]"></a>ADC3_IRQHandler</STRONG> (Thumb, 0 bytes, Stack size 0 bytes, startup_stm32l471xx.o(.text))
<BR>[Address Reference Count : 1]<UL><LI> startup_stm32l471xx.o(RESET)
</UL>
<P><STRONG><a name="[34]"></a>CAN1_RX0_IRQHandler</STRONG> (Thumb, 0 bytes, Stack size 0 bytes, startup_stm32l471xx.o(.text))
<BR>[Address Reference Count : 1]<UL><LI> startup_stm32l471xx.o(RESET)
</UL>
<P><STRONG><a name="[35]"></a>CAN1_RX1_IRQHandler</STRONG> (Thumb, 0 bytes, Stack size 0 bytes, startup_stm32l471xx.o(.text))
<BR>[Address Reference Count : 1]<UL><LI> startup_stm32l471xx.o(RESET)
</UL>
<P><STRONG><a name="[36]"></a>CAN1_SCE_IRQHandler</STRONG> (Thumb, 0 bytes, Stack size 0 bytes, startup_stm32l471xx.o(.text))
<BR>[Address Reference Count : 1]<UL><LI> startup_stm32l471xx.o(RESET)
</UL>
<P><STRONG><a name="[33]"></a>CAN1_TX_IRQHandler</STRONG> (Thumb, 0 bytes, Stack size 0 bytes, startup_stm32l471xx.o(.text))
<BR>[Address Reference Count : 1]<UL><LI> startup_stm32l471xx.o(RESET)
</UL>
<P><STRONG><a name="[60]"></a>COMP_IRQHandler</STRONG> (Thumb, 0 bytes, Stack size 0 bytes, startup_stm32l471xx.o(.text))
<BR>[Address Reference Count : 1]<UL><LI> startup_stm32l471xx.o(RESET)
</UL>
<P><STRONG><a name="[5d]"></a>DFSDM1_FLT0_IRQHandler</STRONG> (Thumb, 0 bytes, Stack size 0 bytes, startup_stm32l471xx.o(.text))
<BR>[Address Reference Count : 1]<UL><LI> startup_stm32l471xx.o(RESET)
</UL>
<P><STRONG><a name="[5e]"></a>DFSDM1_FLT1_IRQHandler</STRONG> (Thumb, 0 bytes, Stack size 0 bytes, startup_stm32l471xx.o(.text))
<BR>[Address Reference Count : 1]<UL><LI> startup_stm32l471xx.o(RESET)
</UL>
<P><STRONG><a name="[5f]"></a>DFSDM1_FLT2_IRQHandler</STRONG> (Thumb, 0 bytes, Stack size 0 bytes, startup_stm32l471xx.o(.text))
<BR>[Address Reference Count : 1]<UL><LI> startup_stm32l471xx.o(RESET)
</UL>
<P><STRONG><a name="[4a]"></a>DFSDM1_FLT3_IRQHandler</STRONG> (Thumb, 0 bytes, Stack size 0 bytes, startup_stm32l471xx.o(.text))
<BR>[Address Reference Count : 1]<UL><LI> startup_stm32l471xx.o(RESET)
</UL>
<P><STRONG><a name="[2b]"></a>DMA1_Channel1_IRQHandler</STRONG> (Thumb, 0 bytes, Stack size 0 bytes, startup_stm32l471xx.o(.text))
<BR>[Address Reference Count : 1]<UL><LI> startup_stm32l471xx.o(RESET)
</UL>
<P><STRONG><a name="[2c]"></a>DMA1_Channel2_IRQHandler</STRONG> (Thumb, 0 bytes, Stack size 0 bytes, startup_stm32l471xx.o(.text))
<BR>[Address Reference Count : 1]<UL><LI> startup_stm32l471xx.o(RESET)
</UL>
<P><STRONG><a name="[2e]"></a>DMA1_Channel4_IRQHandler</STRONG> (Thumb, 0 bytes, Stack size 0 bytes, startup_stm32l471xx.o(.text))
<BR>[Address Reference Count : 1]<UL><LI> startup_stm32l471xx.o(RESET)
</UL>
<P><STRONG><a name="[2f]"></a>DMA1_Channel5_IRQHandler</STRONG> (Thumb, 0 bytes, Stack size 0 bytes, startup_stm32l471xx.o(.text))
<BR>[Address Reference Count : 1]<UL><LI> startup_stm32l471xx.o(RESET)
</UL>
<P><STRONG><a name="[31]"></a>DMA1_Channel7_IRQHandler</STRONG> (Thumb, 0 bytes, Stack size 0 bytes, startup_stm32l471xx.o(.text))
<BR>[Address Reference Count : 1]<UL><LI> startup_stm32l471xx.o(RESET)
</UL>
<P><STRONG><a name="[58]"></a>DMA2_Channel1_IRQHandler</STRONG> (Thumb, 0 bytes, Stack size 0 bytes, startup_stm32l471xx.o(.text))
<BR>[Address Reference Count : 1]<UL><LI> startup_stm32l471xx.o(RESET)
</UL>
<P><STRONG><a name="[59]"></a>DMA2_Channel2_IRQHandler</STRONG> (Thumb, 0 bytes, Stack size 0 bytes, startup_stm32l471xx.o(.text))
<BR>[Address Reference Count : 1]<UL><LI> startup_stm32l471xx.o(RESET)
</UL>
<P><STRONG><a name="[5a]"></a>DMA2_Channel3_IRQHandler</STRONG> (Thumb, 0 bytes, Stack size 0 bytes, startup_stm32l471xx.o(.text))
<BR>[Address Reference Count : 1]<UL><LI> startup_stm32l471xx.o(RESET)
</UL>
<P><STRONG><a name="[5b]"></a>DMA2_Channel4_IRQHandler</STRONG> (Thumb, 0 bytes, Stack size 0 bytes, startup_stm32l471xx.o(.text))
<BR>[Address Reference Count : 1]<UL><LI> startup_stm32l471xx.o(RESET)
</UL>
<P><STRONG><a name="[5c]"></a>DMA2_Channel5_IRQHandler</STRONG> (Thumb, 0 bytes, Stack size 0 bytes, startup_stm32l471xx.o(.text))
<BR>[Address Reference Count : 1]<UL><LI> startup_stm32l471xx.o(RESET)
</UL>
<P><STRONG><a name="[63]"></a>DMA2_Channel6_IRQHandler</STRONG> (Thumb, 0 bytes, Stack size 0 bytes, startup_stm32l471xx.o(.text))
<BR>[Address Reference Count : 1]<UL><LI> startup_stm32l471xx.o(RESET)
</UL>
<P><STRONG><a name="[64]"></a>DMA2_Channel7_IRQHandler</STRONG> (Thumb, 0 bytes, Stack size 0 bytes, startup_stm32l471xx.o(.text))
<BR>[Address Reference Count : 1]<UL><LI> startup_stm32l471xx.o(RESET)
</UL>
<P><STRONG><a name="[26]"></a>EXTI0_IRQHandler</STRONG> (Thumb, 0 bytes, Stack size 0 bytes, startup_stm32l471xx.o(.text))
<BR>[Address Reference Count : 1]<UL><LI> startup_stm32l471xx.o(RESET)
</UL>
<P><STRONG><a name="[48]"></a>EXTI15_10_IRQHandler</STRONG> (Thumb, 0 bytes, Stack size 0 bytes, startup_stm32l471xx.o(.text))
<BR>[Address Reference Count : 1]<UL><LI> startup_stm32l471xx.o(RESET)
</UL>
<P><STRONG><a name="[27]"></a>EXTI1_IRQHandler</STRONG> (Thumb, 0 bytes, Stack size 0 bytes, startup_stm32l471xx.o(.text))
<BR>[Address Reference Count : 1]<UL><LI> startup_stm32l471xx.o(RESET)
</UL>
<P><STRONG><a name="[28]"></a>EXTI2_IRQHandler</STRONG> (Thumb, 0 bytes, Stack size 0 bytes, startup_stm32l471xx.o(.text))
<BR>[Address Reference Count : 1]<UL><LI> startup_stm32l471xx.o(RESET)
</UL>
<P><STRONG><a name="[29]"></a>EXTI3_IRQHandler</STRONG> (Thumb, 0 bytes, Stack size 0 bytes, startup_stm32l471xx.o(.text))
<BR>[Address Reference Count : 1]<UL><LI> startup_stm32l471xx.o(RESET)
</UL>
<P><STRONG><a name="[2a]"></a>EXTI4_IRQHandler</STRONG> (Thumb, 0 bytes, Stack size 0 bytes, startup_stm32l471xx.o(.text))
<BR>[Address Reference Count : 1]<UL><LI> startup_stm32l471xx.o(RESET)
</UL>
<P><STRONG><a name="[37]"></a>EXTI9_5_IRQHandler</STRONG> (Thumb, 0 bytes, Stack size 0 bytes, startup_stm32l471xx.o(.text))
<BR>[Address Reference Count : 1]<UL><LI> startup_stm32l471xx.o(RESET)
</UL>
<P><STRONG><a name="[24]"></a>FLASH_IRQHandler</STRONG> (Thumb, 0 bytes, Stack size 0 bytes, startup_stm32l471xx.o(.text))
<BR>[Address Reference Count : 1]<UL><LI> startup_stm32l471xx.o(RESET)
</UL>
<P><STRONG><a name="[50]"></a>FMC_IRQHandler</STRONG> (Thumb, 0 bytes, Stack size 0 bytes, startup_stm32l471xx.o(.text))
<BR>[Address Reference Count : 1]<UL><LI> startup_stm32l471xx.o(RESET)
</UL>
<P><STRONG><a name="[6e]"></a>FPU_IRQHandler</STRONG> (Thumb, 0 bytes, Stack size 0 bytes, startup_stm32l471xx.o(.text))
<BR>[Address Reference Count : 1]<UL><LI> startup_stm32l471xx.o(RESET)
</UL>
<P><STRONG><a name="[40]"></a>I2C1_ER_IRQHandler</STRONG> (Thumb, 0 bytes, Stack size 0 bytes, startup_stm32l471xx.o(.text))
<BR>[Address Reference Count : 1]<UL><LI> startup_stm32l471xx.o(RESET)
</UL>
<P><STRONG><a name="[3f]"></a>I2C1_EV_IRQHandler</STRONG> (Thumb, 0 bytes, Stack size 0 bytes, startup_stm32l471xx.o(.text))
<BR>[Address Reference Count : 1]<UL><LI> startup_stm32l471xx.o(RESET)
</UL>
<P><STRONG><a name="[42]"></a>I2C2_ER_IRQHandler</STRONG> (Thumb, 0 bytes, Stack size 0 bytes, startup_stm32l471xx.o(.text))
<BR>[Address Reference Count : 1]<UL><LI> startup_stm32l471xx.o(RESET)
</UL>
<P><STRONG><a name="[41]"></a>I2C2_EV_IRQHandler</STRONG> (Thumb, 0 bytes, Stack size 0 bytes, startup_stm32l471xx.o(.text))
<BR>[Address Reference Count : 1]<UL><LI> startup_stm32l471xx.o(RESET)
</UL>
<P><STRONG><a name="[68]"></a>I2C3_ER_IRQHandler</STRONG> (Thumb, 0 bytes, Stack size 0 bytes, startup_stm32l471xx.o(.text))
<BR>[Address Reference Count : 1]<UL><LI> startup_stm32l471xx.o(RESET)
</UL>
<P><STRONG><a name="[67]"></a>I2C3_EV_IRQHandler</STRONG> (Thumb, 0 bytes, Stack size 0 bytes, startup_stm32l471xx.o(.text))
<BR>[Address Reference Count : 1]<UL><LI> startup_stm32l471xx.o(RESET)
</UL>
<P><STRONG><a name="[62]"></a>LPTIM2_IRQHandler</STRONG> (Thumb, 0 bytes, Stack size 0 bytes, startup_stm32l471xx.o(.text))
<BR>[Address Reference Count : 1]<UL><LI> startup_stm32l471xx.o(RESET)
</UL>
<P><STRONG><a name="[65]"></a>LPUART1_IRQHandler</STRONG> (Thumb, 0 bytes, Stack size 0 bytes, startup_stm32l471xx.o(.text))
<BR>[Address Reference Count : 1]<UL><LI> startup_stm32l471xx.o(RESET)
</UL>
<P><STRONG><a name="[21]"></a>PVD_PVM_IRQHandler</STRONG> (Thumb, 0 bytes, Stack size 0 bytes, startup_stm32l471xx.o(.text))
<BR>[Address Reference Count : 1]<UL><LI> startup_stm32l471xx.o(RESET)
</UL>
<P><STRONG><a name="[66]"></a>QUADSPI_IRQHandler</STRONG> (Thumb, 0 bytes, Stack size 0 bytes, startup_stm32l471xx.o(.text))
<BR>[Address Reference Count : 1]<UL><LI> startup_stm32l471xx.o(RESET)
</UL>
<P><STRONG><a name="[25]"></a>RCC_IRQHandler</STRONG> (Thumb, 0 bytes, Stack size 0 bytes, startup_stm32l471xx.o(.text))
<BR>[Address Reference Count : 1]<UL><LI> startup_stm32l471xx.o(RESET)
</UL>
<P><STRONG><a name="[6d]"></a>RNG_IRQHandler</STRONG> (Thumb, 0 bytes, Stack size 0 bytes, startup_stm32l471xx.o(.text))
<BR>[Address Reference Count : 1]<UL><LI> startup_stm32l471xx.o(RESET)
</UL>
<P><STRONG><a name="[49]"></a>RTC_Alarm_IRQHandler</STRONG> (Thumb, 0 bytes, Stack size 0 bytes, startup_stm32l471xx.o(.text))
<BR>[Address Reference Count : 1]<UL><LI> startup_stm32l471xx.o(RESET)
</UL>
<P><STRONG><a name="[23]"></a>RTC_WKUP_IRQHandler</STRONG> (Thumb, 0 bytes, Stack size 0 bytes, startup_stm32l471xx.o(.text))
<BR>[Address Reference Count : 1]<UL><LI> startup_stm32l471xx.o(RESET)
</UL>
<P><STRONG><a name="[69]"></a>SAI1_IRQHandler</STRONG> (Thumb, 0 bytes, Stack size 0 bytes, startup_stm32l471xx.o(.text))
<BR>[Address Reference Count : 1]<UL><LI> startup_stm32l471xx.o(RESET)
</UL>
<P><STRONG><a name="[6a]"></a>SAI2_IRQHandler</STRONG> (Thumb, 0 bytes, Stack size 0 bytes, startup_stm32l471xx.o(.text))
<BR>[Address Reference Count : 1]<UL><LI> startup_stm32l471xx.o(RESET)
</UL>
<P><STRONG><a name="[51]"></a>SDMMC1_IRQHandler</STRONG> (Thumb, 0 bytes, Stack size 0 bytes, startup_stm32l471xx.o(.text))
<BR>[Address Reference Count : 1]<UL><LI> startup_stm32l471xx.o(RESET)
</UL>
<P><STRONG><a name="[44]"></a>SPI2_IRQHandler</STRONG> (Thumb, 0 bytes, Stack size 0 bytes, startup_stm32l471xx.o(.text))
<BR>[Address Reference Count : 1]<UL><LI> startup_stm32l471xx.o(RESET)
</UL>
<P><STRONG><a name="[53]"></a>SPI3_IRQHandler</STRONG> (Thumb, 0 bytes, Stack size 0 bytes, startup_stm32l471xx.o(.text))
<BR>[Address Reference Count : 1]<UL><LI> startup_stm32l471xx.o(RESET)
</UL>
<P><STRONG><a name="[6b]"></a>SWPMI1_IRQHandler</STRONG> (Thumb, 0 bytes, Stack size 0 bytes, startup_stm32l471xx.o(.text))
<BR>[Address Reference Count : 1]<UL><LI> startup_stm32l471xx.o(RESET)
</UL>
<P><STRONG><a name="[22]"></a>TAMP_STAMP_IRQHandler</STRONG> (Thumb, 0 bytes, Stack size 0 bytes, startup_stm32l471xx.o(.text))
<BR>[Address Reference Count : 1]<UL><LI> startup_stm32l471xx.o(RESET)
</UL>
<P><STRONG><a name="[38]"></a>TIM1_BRK_TIM15_IRQHandler</STRONG> (Thumb, 0 bytes, Stack size 0 bytes, startup_stm32l471xx.o(.text))
<BR>[Address Reference Count : 1]<UL><LI> startup_stm32l471xx.o(RESET)
</UL>
<P><STRONG><a name="[3b]"></a>TIM1_CC_IRQHandler</STRONG> (Thumb, 0 bytes, Stack size 0 bytes, startup_stm32l471xx.o(.text))
<BR>[Address Reference Count : 1]<UL><LI> startup_stm32l471xx.o(RESET)
</UL>
<P><STRONG><a name="[3d]"></a>TIM3_IRQHandler</STRONG> (Thumb, 0 bytes, Stack size 0 bytes, startup_stm32l471xx.o(.text))
<BR>[Address Reference Count : 1]<UL><LI> startup_stm32l471xx.o(RESET)
</UL>
<P><STRONG><a name="[3e]"></a>TIM4_IRQHandler</STRONG> (Thumb, 0 bytes, Stack size 0 bytes, startup_stm32l471xx.o(.text))
<BR>[Address Reference Count : 1]<UL><LI> startup_stm32l471xx.o(RESET)
</UL>
<P><STRONG><a name="[52]"></a>TIM5_IRQHandler</STRONG> (Thumb, 0 bytes, Stack size 0 bytes, startup_stm32l471xx.o(.text))
<BR>[Address Reference Count : 1]<UL><LI> startup_stm32l471xx.o(RESET)
</UL>
<P><STRONG><a name="[57]"></a>TIM7_IRQHandler</STRONG> (Thumb, 0 bytes, Stack size 0 bytes, startup_stm32l471xx.o(.text))
<BR>[Address Reference Count : 1]<UL><LI> startup_stm32l471xx.o(RESET)
</UL>
<P><STRONG><a name="[4b]"></a>TIM8_BRK_IRQHandler</STRONG> (Thumb, 0 bytes, Stack size 0 bytes, startup_stm32l471xx.o(.text))
<BR>[Address Reference Count : 1]<UL><LI> startup_stm32l471xx.o(RESET)
</UL>
<P><STRONG><a name="[4e]"></a>TIM8_CC_IRQHandler</STRONG> (Thumb, 0 bytes, Stack size 0 bytes, startup_stm32l471xx.o(.text))
<BR>[Address Reference Count : 1]<UL><LI> startup_stm32l471xx.o(RESET)
</UL>
<P><STRONG><a name="[4d]"></a>TIM8_TRG_COM_IRQHandler</STRONG> (Thumb, 0 bytes, Stack size 0 bytes, startup_stm32l471xx.o(.text))
<BR>[Address Reference Count : 1]<UL><LI> startup_stm32l471xx.o(RESET)
</UL>
<P><STRONG><a name="[4c]"></a>TIM8_UP_IRQHandler</STRONG> (Thumb, 0 bytes, Stack size 0 bytes, startup_stm32l471xx.o(.text))
<BR>[Address Reference Count : 1]<UL><LI> startup_stm32l471xx.o(RESET)
</UL>
<P><STRONG><a name="[6c]"></a>TSC_IRQHandler</STRONG> (Thumb, 0 bytes, Stack size 0 bytes, startup_stm32l471xx.o(.text))
<BR>[Address Reference Count : 1]<UL><LI> startup_stm32l471xx.o(RESET)
</UL>
<P><STRONG><a name="[54]"></a>UART4_IRQHandler</STRONG> (Thumb, 0 bytes, Stack size 0 bytes, startup_stm32l471xx.o(.text))
<BR>[Address Reference Count : 1]<UL><LI> startup_stm32l471xx.o(RESET)
</UL>
<P><STRONG><a name="[55]"></a>UART5_IRQHandler</STRONG> (Thumb, 0 bytes, Stack size 0 bytes, startup_stm32l471xx.o(.text))
<BR>[Address Reference Count : 1]<UL><LI> startup_stm32l471xx.o(RESET)
</UL>
<P><STRONG><a name="[45]"></a>USART1_IRQHandler</STRONG> (Thumb, 0 bytes, Stack size 0 bytes, startup_stm32l471xx.o(.text))
<BR>[Address Reference Count : 1]<UL><LI> startup_stm32l471xx.o(RESET)
</UL>
<P><STRONG><a name="[47]"></a>USART3_IRQHandler</STRONG> (Thumb, 0 bytes, Stack size 0 bytes, startup_stm32l471xx.o(.text))
<BR>[Address Reference Count : 1]<UL><LI> startup_stm32l471xx.o(RESET)
</UL>
<P><STRONG><a name="[20]"></a>WWDG_IRQHandler</STRONG> (Thumb, 0 bytes, Stack size 0 bytes, startup_stm32l471xx.o(.text))
<BR>[Address Reference Count : 1]<UL><LI> startup_stm32l471xx.o(RESET)
</UL>
<P><STRONG><a name="[f7]"></a>__aeabi_uldivmod</STRONG> (Thumb, 98 bytes, Stack size 40 bytes, uldiv.o(.text))
<BR><BR>[Stack]<UL><LI>Max Depth = 40<LI>Call Chain = __aeabi_uldivmod
</UL>
<BR>[Calls]<UL><LI><a href="#[f8]">&gt;&gt;</a>&nbsp;&nbsp;&nbsp;__aeabi_llsr
<LI><a href="#[f9]">&gt;&gt;</a>&nbsp;&nbsp;&nbsp;__aeabi_llsl
</UL>
<BR>[Called By]<UL><LI><a href="#[1e0]">&gt;&gt;</a>&nbsp;&nbsp;&nbsp;UART_SetConfig
<LI><a href="#[135]">&gt;&gt;</a>&nbsp;&nbsp;&nbsp;FanApp_UpdateRpm
<LI><a href="#[2e4]">&gt;&gt;</a>&nbsp;&nbsp;&nbsp;egui_canvas_draw_line_round_cap_hq
<LI><a href="#[2ae]">&gt;&gt;</a>&nbsp;&nbsp;&nbsp;egui_canvas_draw_line_hq
<LI><a href="#[fa]">&gt;&gt;</a>&nbsp;&nbsp;&nbsp;__aeabi_ldivmod
<LI><a href="#[461]">&gt;&gt;</a>&nbsp;&nbsp;&nbsp;_printf_core
<LI><a href="#[46e]">&gt;&gt;</a>&nbsp;&nbsp;&nbsp;_fp_digits
</UL>

<P><STRONG><a name="[fa]"></a>__aeabi_ldivmod</STRONG> (Thumb, 98 bytes, Stack size 24 bytes, ldiv.o(.text))
<BR><BR>[Stack]<UL><LI>Max Depth = 64<LI>Call Chain = __aeabi_ldivmod &rArr; __aeabi_uldivmod
</UL>
<BR>[Calls]<UL><LI><a href="#[f7]">&gt;&gt;</a>&nbsp;&nbsp;&nbsp;__aeabi_uldivmod
</UL>
<BR>[Called By]<UL><LI><a href="#[2e4]">&gt;&gt;</a>&nbsp;&nbsp;&nbsp;egui_canvas_draw_line_round_cap_hq
<LI><a href="#[2e2]">&gt;&gt;</a>&nbsp;&nbsp;&nbsp;egui_canvas_draw_thick_line_scan
<LI><a href="#[2ae]">&gt;&gt;</a>&nbsp;&nbsp;&nbsp;egui_canvas_draw_line_hq
<LI><a href="#[374]">&gt;&gt;</a>&nbsp;&nbsp;&nbsp;egui_mask_image_refresh_cache
<LI><a href="#[c4]">&gt;&gt;</a>&nbsp;&nbsp;&nbsp;egui_image_std_draw_image_resize_color
<LI><a href="#[c2]">&gt;&gt;</a>&nbsp;&nbsp;&nbsp;egui_image_std_draw_image_resize
<LI><a href="#[c0]">&gt;&gt;</a>&nbsp;&nbsp;&nbsp;egui_image_std_get_point_resize
</UL>

<P><STRONG><a name="[479]"></a>___aeabi_memcpy8$move</STRONG> (Thumb, 0 bytes, Stack size 8 bytes, memmovea.o(.text), UNUSED)

<P><STRONG><a name="[2ba]"></a>__aeabi_memcpy</STRONG> (Thumb, 64 bytes, Stack size 8 bytes, memmovea.o(.text))
<BR><BR>[Stack]<UL><LI>Max Depth = 8<LI>Call Chain = __aeabi_memcpy
</UL>
<BR>[Called By]<UL><LI><a href="#[154]">&gt;&gt;</a>&nbsp;&nbsp;&nbsp;xQueueGenericReceive
<LI><a href="#[15f]">&gt;&gt;</a>&nbsp;&nbsp;&nbsp;xQueueGenericSend
<LI><a href="#[3fc]">&gt;&gt;</a>&nbsp;&nbsp;&nbsp;prvNotifyQueueSetContainer
<LI><a href="#[3e7]">&gt;&gt;</a>&nbsp;&nbsp;&nbsp;lwrb_read
<LI><a href="#[3e8]">&gt;&gt;</a>&nbsp;&nbsp;&nbsp;lwrb_write
<LI><a href="#[3c4]">&gt;&gt;</a>&nbsp;&nbsp;&nbsp;lfs_bd_prog
<LI><a href="#[3cc]">&gt;&gt;</a>&nbsp;&nbsp;&nbsp;lfs_dir_commitcrc
<LI><a href="#[3ca]">&gt;&gt;</a>&nbsp;&nbsp;&nbsp;lfs_dir_commitattr
<LI><a href="#[3cd]">&gt;&gt;</a>&nbsp;&nbsp;&nbsp;lfs_dir_compact
<LI><a href="#[3d6]">&gt;&gt;</a>&nbsp;&nbsp;&nbsp;lfs_file_relocate
<LI><a href="#[3c3]">&gt;&gt;</a>&nbsp;&nbsp;&nbsp;lfs_bd_read
<LI><a href="#[3dd]">&gt;&gt;</a>&nbsp;&nbsp;&nbsp;lfs_file_flushedwrite
<LI><a href="#[3dc]">&gt;&gt;</a>&nbsp;&nbsp;&nbsp;lfs_file_flushedread
<LI><a href="#[a4]">&gt;&gt;</a>&nbsp;&nbsp;&nbsp;ui_HomePage_on_draw
<LI><a href="#[f4]">&gt;&gt;</a>&nbsp;&nbsp;&nbsp;ui_heiti_font_get_str_size
<LI><a href="#[42e]">&gt;&gt;</a>&nbsp;&nbsp;&nbsp;ui_heiti_font_draw_glyph
<LI><a href="#[f3]">&gt;&gt;</a>&nbsp;&nbsp;&nbsp;ui_heiti_font_draw_string
<LI><a href="#[45b]">&gt;&gt;</a>&nbsp;&nbsp;&nbsp;xQueueGenericSendFromISR
<LI><a href="#[2b9]">&gt;&gt;</a>&nbsp;&nbsp;&nbsp;egui_api_memcpy
<LI><a href="#[e8]">&gt;&gt;</a>&nbsp;&nbsp;&nbsp;egui_view_label_on_draw
</UL>

<P><STRONG><a name="[143]"></a>__aeabi_memcpy4</STRONG> (Thumb, 0 bytes, Stack size 8 bytes, memmovea.o(.text))
<BR><BR>[Stack]<UL><LI>Max Depth = 8<LI>Call Chain = __aeabi_memcpy4
</UL>
<BR>[Called By]<UL><LI><a href="#[142]">&gt;&gt;</a>&nbsp;&nbsp;&nbsp;DataApp_HomeStatus_Get
<LI><a href="#[144]">&gt;&gt;</a>&nbsp;&nbsp;&nbsp;WeatherApp_GetSnapshot
<LI><a href="#[299]">&gt;&gt;</a>&nbsp;&nbsp;&nbsp;WeatherApp_CommitSync
<LI><a href="#[13e]">&gt;&gt;</a>&nbsp;&nbsp;&nbsp;DataApp_HomeStatus_Update
<LI><a href="#[288]">&gt;&gt;</a>&nbsp;&nbsp;&nbsp;process_protocol_data
<LI><a href="#[170]">&gt;&gt;</a>&nbsp;&nbsp;&nbsp;FanApp_Service
<LI><a href="#[13d]">&gt;&gt;</a>&nbsp;&nbsp;&nbsp;SensorsApp_GetSnapshot
<LI><a href="#[1fa]">&gt;&gt;</a>&nbsp;&nbsp;&nbsp;decompress_bitmap
<LI><a href="#[171]">&gt;&gt;</a>&nbsp;&nbsp;&nbsp;PwmFan_Configure
<LI><a href="#[41e]">&gt;&gt;</a>&nbsp;&nbsp;&nbsp;ui_HomePage_update_render_snapshot
<LI><a href="#[33a]">&gt;&gt;</a>&nbsp;&nbsp;&nbsp;egui_image_qoi_save_checkpoint
<LI><a href="#[bc]">&gt;&gt;</a>&nbsp;&nbsp;&nbsp;egui_image_qoi_draw_image
</UL>

<P><STRONG><a name="[47a]"></a>__aeabi_memmove</STRONG> (Thumb, 0 bytes, Stack size 8 bytes, memmovea.o(.text), UNUSED)

<P><STRONG><a name="[47b]"></a>__aeabi_memmove4</STRONG> (Thumb, 0 bytes, Stack size 8 bytes, memmovea.o(.text), UNUSED)

<P><STRONG><a name="[47c]"></a>__aeabi_memmove8</STRONG> (Thumb, 0 bytes, Stack size 8 bytes, memmovea.o(.text), UNUSED)

<P><STRONG><a name="[fc]"></a>__aeabi_memset</STRONG> (Thumb, 14 bytes, Stack size 0 bytes, memseta.o(.text))
<BR><BR>[Called By]<UL><LI><a href="#[3cc]">&gt;&gt;</a>&nbsp;&nbsp;&nbsp;lfs_dir_commitcrc
<LI><a href="#[3ca]">&gt;&gt;</a>&nbsp;&nbsp;&nbsp;lfs_dir_commitattr
<LI><a href="#[3cd]">&gt;&gt;</a>&nbsp;&nbsp;&nbsp;lfs_dir_compact
<LI><a href="#[3c2]">&gt;&gt;</a>&nbsp;&nbsp;&nbsp;lfs_bd_flush
<LI><a href="#[3d6]">&gt;&gt;</a>&nbsp;&nbsp;&nbsp;lfs_file_relocate
<LI><a href="#[3dd]">&gt;&gt;</a>&nbsp;&nbsp;&nbsp;lfs_file_flushedwrite
<LI><a href="#[3db]">&gt;&gt;</a>&nbsp;&nbsp;&nbsp;lfs_file_sync_
<LI><a href="#[3e2]">&gt;&gt;</a>&nbsp;&nbsp;&nbsp;lfs_init
<LI><a href="#[202]">&gt;&gt;</a>&nbsp;&nbsp;&nbsp;lfs_file_opencfg
<LI><a href="#[2bb]">&gt;&gt;</a>&nbsp;&nbsp;&nbsp;egui_api_memset
<LI><a href="#[fd]">&gt;&gt;</a>&nbsp;&nbsp;&nbsp;_memset$wrapper
<LI><a href="#[fb]">&gt;&gt;</a>&nbsp;&nbsp;&nbsp;__aeabi_memclr
</UL>

<P><STRONG><a name="[3f9]"></a>__aeabi_memset4</STRONG> (Thumb, 0 bytes, Stack size 0 bytes, memseta.o(.text))
<BR><BR>[Called By]<UL><LI><a href="#[3f8]">&gt;&gt;</a>&nbsp;&nbsp;&nbsp;prvInitialiseNewTask
</UL>

<P><STRONG><a name="[47d]"></a>__aeabi_memset8</STRONG> (Thumb, 0 bytes, Stack size 0 bytes, memseta.o(.text), UNUSED)

<P><STRONG><a name="[fb]"></a>__aeabi_memclr</STRONG> (Thumb, 4 bytes, Stack size 0 bytes, memseta.o(.text))
<BR><BR>[Calls]<UL><LI><a href="#[fc]">&gt;&gt;</a>&nbsp;&nbsp;&nbsp;__aeabi_memset
</UL>
<BR>[Called By]<UL><LI><a href="#[285]">&gt;&gt;</a>&nbsp;&nbsp;&nbsp;uart_dma_restart_rx
<LI><a href="#[1f0]">&gt;&gt;</a>&nbsp;&nbsp;&nbsp;uart_dma_init
<LI><a href="#[3e1]">&gt;&gt;</a>&nbsp;&nbsp;&nbsp;lfs_format
<LI><a href="#[3bf]">&gt;&gt;</a>&nbsp;&nbsp;&nbsp;lfs_alloc
<LI><a href="#[3cf]">&gt;&gt;</a>&nbsp;&nbsp;&nbsp;lfs_dir_getslice
<LI><a href="#[1fb]">&gt;&gt;</a>&nbsp;&nbsp;&nbsp;copy_plain_bitmap
<LI><a href="#[1fa]">&gt;&gt;</a>&nbsp;&nbsp;&nbsp;decompress_bitmap
<LI><a href="#[2fb]">&gt;&gt;</a>&nbsp;&nbsp;&nbsp;egui_core_clear_region_dirty
<LI><a href="#[2bc]">&gt;&gt;</a>&nbsp;&nbsp;&nbsp;egui_api_pfb_clear
</UL>

<P><STRONG><a name="[11e]"></a>__aeabi_memclr4</STRONG> (Thumb, 0 bytes, Stack size 0 bytes, memseta.o(.text))
<BR><BR>[Called By]<UL><LI><a href="#[1de]">&gt;&gt;</a>&nbsp;&nbsp;&nbsp;HAL_UART_MspInit
<LI><a href="#[1af]">&gt;&gt;</a>&nbsp;&nbsp;&nbsp;HAL_RTC_MspInit
<LI><a href="#[19c]">&gt;&gt;</a>&nbsp;&nbsp;&nbsp;HAL_LPTIM_MspInit
<LI><a href="#[183]">&gt;&gt;</a>&nbsp;&nbsp;&nbsp;HAL_I2C_MspInit
<LI><a href="#[241]">&gt;&gt;</a>&nbsp;&nbsp;&nbsp;MX_TIM16_Init
<LI><a href="#[244]">&gt;&gt;</a>&nbsp;&nbsp;&nbsp;MX_TIM17_Init
<LI><a href="#[27b]">&gt;&gt;</a>&nbsp;&nbsp;&nbsp;SystemClock_Config
<LI><a href="#[22e]">&gt;&gt;</a>&nbsp;&nbsp;&nbsp;LED_Driver_Init
<LI><a href="#[278]">&gt;&gt;</a>&nbsp;&nbsp;&nbsp;SettingsApp_PersistNow
<LI><a href="#[2a5]">&gt;&gt;</a>&nbsp;&nbsp;&nbsp;Weather_BeginSyncCycle
<LI><a href="#[13e]">&gt;&gt;</a>&nbsp;&nbsp;&nbsp;DataApp_HomeStatus_Update
<LI><a href="#[134]">&gt;&gt;</a>&nbsp;&nbsp;&nbsp;SettingsApp_PersistPending
<LI><a href="#[288]">&gt;&gt;</a>&nbsp;&nbsp;&nbsp;process_protocol_data
<LI><a href="#[16f]">&gt;&gt;</a>&nbsp;&nbsp;&nbsp;FanApp_PersistPending
<LI><a href="#[215]">&gt;&gt;</a>&nbsp;&nbsp;&nbsp;ShakeDetector_Init
<LI><a href="#[86]">&gt;&gt;</a>&nbsp;&nbsp;&nbsp;KeyTask
<LI><a href="#[1ee]">&gt;&gt;</a>&nbsp;&nbsp;&nbsp;lfs_port_init
<LI><a href="#[1ec]">&gt;&gt;</a>&nbsp;&nbsp;&nbsp;HomeTheme2CloudCache_Init
<LI><a href="#[1e9]">&gt;&gt;</a>&nbsp;&nbsp;&nbsp;SettingsApp_Init
<LI><a href="#[149]">&gt;&gt;</a>&nbsp;&nbsp;&nbsp;DataApp_Init
<LI><a href="#[16c]">&gt;&gt;</a>&nbsp;&nbsp;&nbsp;FanApp_Init
<LI><a href="#[11c]">&gt;&gt;</a>&nbsp;&nbsp;&nbsp;APP_Sensors_Init
<LI><a href="#[1e8]">&gt;&gt;</a>&nbsp;&nbsp;&nbsp;Key_Init
<LI><a href="#[1e6]">&gt;&gt;</a>&nbsp;&nbsp;&nbsp;WeatherApp_Init
<LI><a href="#[3e2]">&gt;&gt;</a>&nbsp;&nbsp;&nbsp;lfs_init
<LI><a href="#[20d]">&gt;&gt;</a>&nbsp;&nbsp;&nbsp;qspi_psram_recover
<LI><a href="#[20c]">&gt;&gt;</a>&nbsp;&nbsp;&nbsp;HomeTheme2CloudCache_Recover
<LI><a href="#[3be]">&gt;&gt;</a>&nbsp;&nbsp;&nbsp;qspi_psram_write
<LI><a href="#[20a]">&gt;&gt;</a>&nbsp;&nbsp;&nbsp;qspi_psram_enable_memory_mapped
<LI><a href="#[209]">&gt;&gt;</a>&nbsp;&nbsp;&nbsp;home_theme2_cloud_cache_decode_image
<LI><a href="#[254]">&gt;&gt;</a>&nbsp;&nbsp;&nbsp;qspi_psram_init
<LI><a href="#[201]">&gt;&gt;</a>&nbsp;&nbsp;&nbsp;HeitiFont_Open
<LI><a href="#[258]">&gt;&gt;</a>&nbsp;&nbsp;&nbsp;PoetryApp_OpenCollection
<LI><a href="#[16e]">&gt;&gt;</a>&nbsp;&nbsp;&nbsp;FanApp_PersistNow
<LI><a href="#[a5]">&gt;&gt;</a>&nbsp;&nbsp;&nbsp;ui_HomePage_timer_cb
<LI><a href="#[12]">&gt;&gt;</a>&nbsp;&nbsp;&nbsp;ui_SettingPage_screen_init
<LI><a href="#[7]">&gt;&gt;</a>&nbsp;&nbsp;&nbsp;ui_FanPage_screen_init
<LI><a href="#[0]">&gt;&gt;</a>&nbsp;&nbsp;&nbsp;ui_StartPage_screen_init
<LI><a href="#[43b]">&gt;&gt;</a>&nbsp;&nbsp;&nbsp;ui_shutdown_popup_init
<LI><a href="#[43a]">&gt;&gt;</a>&nbsp;&nbsp;&nbsp;ui_system_popup_init
<LI><a href="#[439]">&gt;&gt;</a>&nbsp;&nbsp;&nbsp;ui_poetry_popup_init
<LI><a href="#[436]">&gt;&gt;</a>&nbsp;&nbsp;&nbsp;ui_page_manager_init
</UL>

<P><STRONG><a name="[47e]"></a>__aeabi_memclr8</STRONG> (Thumb, 0 bytes, Stack size 0 bytes, memseta.o(.text), UNUSED)

<P><STRONG><a name="[fd]"></a>_memset$wrapper</STRONG> (Thumb, 18 bytes, Stack size 8 bytes, memseta.o(.text), UNUSED)
<BR><BR>[Calls]<UL><LI><a href="#[fc]">&gt;&gt;</a>&nbsp;&nbsp;&nbsp;__aeabi_memset
</UL>

<P><STRONG><a name="[41c]"></a>strstr</STRONG> (Thumb, 36 bytes, Stack size 12 bytes, strstr.o(.text))
<BR><BR>[Stack]<UL><LI>Max Depth = 12<LI>Call Chain = strstr
</UL>
<BR>[Called By]<UL><LI><a href="#[a4]">&gt;&gt;</a>&nbsp;&nbsp;&nbsp;ui_HomePage_on_draw
</UL>

<P><STRONG><a name="[251]"></a>strncpy</STRONG> (Thumb, 24 bytes, Stack size 8 bytes, strncpy.o(.text))
<BR><BR>[Stack]<UL><LI>Max Depth = 8<LI>Call Chain = strncpy
</UL>
<BR>[Called By]<UL><LI><a href="#[250]">&gt;&gt;</a>&nbsp;&nbsp;&nbsp;Monitor_CreateEx
<LI><a href="#[288]">&gt;&gt;</a>&nbsp;&nbsp;&nbsp;process_protocol_data
</UL>

<P><STRONG><a name="[319]"></a>strchr</STRONG> (Thumb, 20 bytes, Stack size 0 bytes, strchr.o(.text))
<BR><BR>[Called By]<UL><LI><a href="#[2ee]">&gt;&gt;</a>&nbsp;&nbsp;&nbsp;egui_font_draw_string_in_rect
<LI><a href="#[b7]">&gt;&gt;</a>&nbsp;&nbsp;&nbsp;egui_font_std_draw_string
</UL>

<P><STRONG><a name="[31f]"></a>strlen</STRONG> (Thumb, 14 bytes, Stack size 0 bytes, strlen.o(.text))
<BR><BR>[Called By]<UL><LI><a href="#[b7]">&gt;&gt;</a>&nbsp;&nbsp;&nbsp;egui_font_std_draw_string
<LI><a href="#[e8]">&gt;&gt;</a>&nbsp;&nbsp;&nbsp;egui_view_label_on_draw
</UL>

<P><STRONG><a name="[148]"></a>strcmp</STRONG> (Thumb, 28 bytes, Stack size 8 bytes, strcmp.o(.text))
<BR><BR>[Stack]<UL><LI>Max Depth = 8<LI>Call Chain = strcmp
</UL>
<BR>[Called By]<UL><LI><a href="#[13e]">&gt;&gt;</a>&nbsp;&nbsp;&nbsp;DataApp_HomeStatus_Update
<LI><a href="#[288]">&gt;&gt;</a>&nbsp;&nbsp;&nbsp;process_protocol_data
<LI><a href="#[156]">&gt;&gt;</a>&nbsp;&nbsp;&nbsp;ui_page_manager_is_startup_active
<LI><a href="#[151]">&gt;&gt;</a>&nbsp;&nbsp;&nbsp;ui_page_manager_wake_to_home
<LI><a href="#[446]">&gt;&gt;</a>&nbsp;&nbsp;&nbsp;ui_poetry_popup_show
<LI><a href="#[ae]">&gt;&gt;</a>&nbsp;&nbsp;&nbsp;ui_poetry_popup_timer_cb
<LI><a href="#[383]">&gt;&gt;</a>&nbsp;&nbsp;&nbsp;ui_page_manager_handle_key_event
<LI><a href="#[42c]">&gt;&gt;</a>&nbsp;&nbsp;&nbsp;ui_page_manager_goto
</UL>

<P><STRONG><a name="[16b]"></a>memcmp</STRONG> (Thumb, 26 bytes, Stack size 12 bytes, memcmp.o(.text))
<BR><BR>[Stack]<UL><LI>Max Depth = 12<LI>Call Chain = memcmp
</UL>
<BR>[Called By]<UL><LI><a href="#[278]">&gt;&gt;</a>&nbsp;&nbsp;&nbsp;SettingsApp_PersistNow
<LI><a href="#[279]">&gt;&gt;</a>&nbsp;&nbsp;&nbsp;SettingsApp_Update
<LI><a href="#[134]">&gt;&gt;</a>&nbsp;&nbsp;&nbsp;SettingsApp_PersistPending
<LI><a href="#[169]">&gt;&gt;</a>&nbsp;&nbsp;&nbsp;FanApp_HandleCommand
<LI><a href="#[16c]">&gt;&gt;</a>&nbsp;&nbsp;&nbsp;FanApp_Init
<LI><a href="#[3c2]">&gt;&gt;</a>&nbsp;&nbsp;&nbsp;lfs_bd_flush
<LI><a href="#[96]">&gt;&gt;</a>&nbsp;&nbsp;&nbsp;lfs_dir_find_match
<LI><a href="#[16e]">&gt;&gt;</a>&nbsp;&nbsp;&nbsp;FanApp_PersistNow
</UL>

<P><STRONG><a name="[3ea]"></a>strtok</STRONG> (Thumb, 62 bytes, Stack size 16 bytes, strtok.o(.text))
<BR><BR>[Stack]<UL><LI>Max Depth = 16<LI>Call Chain = strtok
</UL>
<BR>[Called By]<UL><LI><a href="#[288]">&gt;&gt;</a>&nbsp;&nbsp;&nbsp;process_protocol_data
</UL>

<P><STRONG><a name="[3d2]"></a>strspn</STRONG> (Thumb, 28 bytes, Stack size 12 bytes, strspn.o(.text))
<BR><BR>[Stack]<UL><LI>Max Depth = 12<LI>Call Chain = strspn
</UL>
<BR>[Called By]<UL><LI><a href="#[3d1]">&gt;&gt;</a>&nbsp;&nbsp;&nbsp;lfs_dir_find
<LI><a href="#[202]">&gt;&gt;</a>&nbsp;&nbsp;&nbsp;lfs_file_opencfg
</UL>

<P><STRONG><a name="[3d3]"></a>strcspn</STRONG> (Thumb, 34 bytes, Stack size 12 bytes, strcspn.o(.text))
<BR><BR>[Stack]<UL><LI>Max Depth = 12<LI>Call Chain = strcspn
</UL>
<BR>[Called By]<UL><LI><a href="#[3d1]">&gt;&gt;</a>&nbsp;&nbsp;&nbsp;lfs_dir_find
<LI><a href="#[202]">&gt;&gt;</a>&nbsp;&nbsp;&nbsp;lfs_file_opencfg
</UL>

<P><STRONG><a name="[fe]"></a>__0sscanf</STRONG> (Thumb, 48 bytes, Stack size 72 bytes, __0sscanf.o(.text))
<BR><BR>[Stack]<UL><LI>Max Depth = 264<LI>Call Chain = __0sscanf &rArr; __vfscanf_char &rArr; __vfscanf &rArr; _scanf_real
</UL>
<BR>[Calls]<UL><LI><a href="#[ff]">&gt;&gt;</a>&nbsp;&nbsp;&nbsp;__vfscanf_char
</UL>
<BR>[Called By]<UL><LI><a href="#[288]">&gt;&gt;</a>&nbsp;&nbsp;&nbsp;process_protocol_data
<LI><a href="#[ab]">&gt;&gt;</a>&nbsp;&nbsp;&nbsp;ui_WeatherPage_on_draw
</UL>

<P><STRONG><a name="[100]"></a>_scanf_int</STRONG> (Thumb, 332 bytes, Stack size 56 bytes, _scanf_int.o(.text))
<BR><BR>[Stack]<UL><LI>Max Depth = 56<LI>Call Chain = _scanf_int
</UL>
<BR>[Calls]<UL><LI><a href="#[101]">&gt;&gt;</a>&nbsp;&nbsp;&nbsp;_chval
</UL>
<BR>[Called By]<UL><LI><a href="#[107]">&gt;&gt;</a>&nbsp;&nbsp;&nbsp;__vfscanf
</UL>

<P><STRONG><a name="[117]"></a>_scanf_string</STRONG> (Thumb, 224 bytes, Stack size 56 bytes, _scanf_str.o(.text))
<BR><BR>[Stack]<UL><LI>Max Depth = 56<LI>Call Chain = _scanf_string
</UL>
<BR>[Called By]<UL><LI><a href="#[107]">&gt;&gt;</a>&nbsp;&nbsp;&nbsp;__vfscanf
</UL>

<P><STRONG><a name="[102]"></a>atoi</STRONG> (Thumb, 26 bytes, Stack size 16 bytes, atoi.o(.text))
<BR><BR>[Stack]<UL><LI>Max Depth = 88<LI>Call Chain = atoi &rArr; strtol &rArr; _strtoul
</UL>
<BR>[Calls]<UL><LI><a href="#[104]">&gt;&gt;</a>&nbsp;&nbsp;&nbsp;strtol
<LI><a href="#[103]">&gt;&gt;</a>&nbsp;&nbsp;&nbsp;__aeabi_errno_addr
</UL>
<BR>[Called By]<UL><LI><a href="#[288]">&gt;&gt;</a>&nbsp;&nbsp;&nbsp;process_protocol_data
</UL>

<P><STRONG><a name="[105]"></a>__aeabi_d2f</STRONG> (Thumb, 56 bytes, Stack size 8 bytes, d2f.o(.text))
<BR><BR>[Stack]<UL><LI>Max Depth = 8<LI>Call Chain = __aeabi_d2f
</UL>
<BR>[Calls]<UL><LI><a href="#[106]">&gt;&gt;</a>&nbsp;&nbsp;&nbsp;_float_round
</UL>
<BR>[Called By]<UL><LI><a href="#[288]">&gt;&gt;</a>&nbsp;&nbsp;&nbsp;process_protocol_data
<LI><a href="#[11a]">&gt;&gt;</a>&nbsp;&nbsp;&nbsp;_scanf_really_real
</UL>

[...]
<BR><BR>[Stack]<UL><LI>Max Depth = 52<LI>Call Chain = egui_image_std_blend_rgb565_alpha4_repeat2_row
</UL>
<BR>[Called By]<UL><LI><a href="#[357]">&gt;&gt;</a>&nbsp;&nbsp;&nbsp;egui_image_std_set_image_resize_rgb565_4
</UL>

<P><STRONG><a name="[362]"></a>egui_image_std_blend_rgb565_alpha4_mapped_row</STRONG> (Thumb, 1554 bytes, Stack size 80 bytes, egui_image_std.o(.text.egui_image_std_blend_rgb565_alpha4_mapped_row))
<BR><BR>[Stack]<UL><LI>Max Depth = 80<LI>Call Chain = egui_image_std_blend_rgb565_alpha4_mapped_row
</UL>
<BR>[Called By]<UL><LI><a href="#[357]">&gt;&gt;</a>&nbsp;&nbsp;&nbsp;egui_image_std_set_image_resize_rgb565_4
</UL>

<P><STRONG><a name="[34d]"></a>egui_image_std_blend_rgb565_circle_masked_mapped_segment_fixed_row</STRONG> (Thumb, 936 bytes, Stack size 56 bytes, egui_image_std.o(.text.egui_image_std_blend_rgb565_circle_masked_mapped_segment_fixed_row))
<BR><BR>[Stack]<UL><LI>Max Depth = 56<LI>Call Chain = egui_image_std_blend_rgb565_circle_masked_mapped_segment_fixed_row
</UL>
<BR>[Calls]<UL><LI><a href="#[33f]">&gt;&gt;</a>&nbsp;&nbsp;&nbsp;egui_mask_circle_get_corner_alpha
</UL>
<BR>[Called By]<UL><LI><a href="#[358]">&gt;&gt;</a>&nbsp;&nbsp;&nbsp;egui_image_std_set_image_resize_rgb565
</UL>

<P><STRONG><a name="[35e]"></a>egui_image_std_blend_rgb565_round_rect_masked_left_segment_fixed_row</STRONG> (Thumb, 1142 bytes, Stack size 48 bytes, egui_image_std.o(.text.egui_image_std_blend_rgb565_round_rect_masked_left_segment_fixed_row))
<BR><BR>[Stack]<UL><LI>Max Depth = 48<LI>Call Chain = egui_image_std_blend_rgb565_round_rect_masked_left_segment_fixed_row
</UL>
<BR>[Called By]<UL><LI><a href="#[358]">&gt;&gt;</a>&nbsp;&nbsp;&nbsp;egui_image_std_set_image_resize_rgb565
</UL>

<P><STRONG><a name="[35f]"></a>egui_image_std_blend_rgb565_round_rect_masked_right_segment_fixed_row</STRONG> (Thumb, 708 bytes, Stack size 52 bytes, egui_image_std.o(.text.egui_image_std_blend_rgb565_round_rect_masked_right_segment_fixed_row))
<BR><BR>[Stack]<UL><LI>Max Depth = 52<LI>Call Chain = egui_image_std_blend_rgb565_round_rect_masked_right_segment_fixed_row
</UL>
<BR>[Called By]<UL><LI><a href="#[358]">&gt;&gt;</a>&nbsp;&nbsp;&nbsp;egui_image_std_set_image_resize_rgb565
</UL>

<P><STRONG><a name="[be]"></a>egui_image_std_get_size</STRONG> (Thumb, 22 bytes, Stack size 0 bytes, egui_image_std.o(.text.egui_image_std_get_size))
<BR>[Address Reference Count : 1]<UL><LI> egui_image_std.o(.rodata.egui_image_std_t_api_table)
</UL>
<P><STRONG><a name="[374]"></a>egui_mask_image_refresh_cache</STRONG> (Thumb, 418 bytes, Stack size 56 bytes, egui_mask_image.o(.text.egui_mask_image_refresh_cache))
<BR><BR>[Stack]<UL><LI>Max Depth = 120<LI>Call Chain = egui_mask_image_refresh_cache &rArr; __aeabi_ldivmod &rArr; __aeabi_uldivmod
</UL>
<BR>[Calls]<UL><LI><a href="#[fa]">&gt;&gt;</a>&nbsp;&nbsp;&nbsp;__aeabi_ldivmod
</UL>
<BR>[Called By]<UL><LI><a href="#[2de]">&gt;&gt;</a>&nbsp;&nbsp;&nbsp;egui_mask_image_fill_row_segment
<LI><a href="#[347]">&gt;&gt;</a>&nbsp;&nbsp;&nbsp;egui_mask_image_blend_rgb565_alpha8_segment
<LI><a href="#[332]">&gt;&gt;</a>&nbsp;&nbsp;&nbsp;egui_mask_image_blend_rgb565_alpha8_row_segment
<LI><a href="#[331]">&gt;&gt;</a>&nbsp;&nbsp;&nbsp;egui_mask_image_blend_rgb565_alpha8_row_block
<LI><a href="#[330]">&gt;&gt;</a>&nbsp;&nbsp;&nbsp;egui_mask_image_blend_rgb565_row_segment
<LI><a href="#[32f]">&gt;&gt;</a>&nbsp;&nbsp;&nbsp;egui_mask_image_blend_rgb565_row_block
</UL>

<P><STRONG><a name="[372]"></a>egui_mask_image_blend_rgb565_alpha8_identity_row</STRONG> (Thumb, 1394 bytes, Stack size 56 bytes, egui_mask_image.o(.text.egui_mask_image_blend_rgb565_alpha8_identity_row))
<BR><BR>[Stack]<UL><LI>Max Depth = 88<LI>Call Chain = egui_mask_image_blend_rgb565_alpha8_identity_row &rArr; egui_mask_image_blend_rgb565_row
</UL>
<BR>[Calls]<UL><LI><a href="#[373]">&gt;&gt;</a>&nbsp;&nbsp;&nbsp;egui_mask_image_blend_rgb565_row
</UL>
<BR>[Called By]<UL><LI><a href="#[347]">&gt;&gt;</a>&nbsp;&nbsp;&nbsp;egui_mask_image_blend_rgb565_alpha8_segment
<LI><a href="#[332]">&gt;&gt;</a>&nbsp;&nbsp;&nbsp;egui_mask_image_blend_rgb565_alpha8_row_segment
<LI><a href="#[331]">&gt;&gt;</a>&nbsp;&nbsp;&nbsp;egui_mask_image_blend_rgb565_alpha8_row_block
</UL>

<P><STRONG><a name="[375]"></a>egui_image_std_blend_rgb565_src_pixel_fast</STRONG> (Thumb, 60 bytes, Stack size 0 bytes, egui_mask_image.o(.text.egui_image_std_blend_rgb565_src_pixel_fast))
<BR><BR>[Called By]<UL><LI><a href="#[332]">&gt;&gt;</a>&nbsp;&nbsp;&nbsp;egui_mask_image_blend_rgb565_alpha8_row_segment
</UL>

<P><STRONG><a name="[373]"></a>egui_mask_image_blend_rgb565_row</STRONG> (Thumb, 768 bytes, Stack size 32 bytes, egui_mask_image.o(.text.egui_mask_image_blend_rgb565_row))
<BR><BR>[Stack]<UL><LI>Max Depth = 32<LI>Call Chain = egui_mask_image_blend_rgb565_row
</UL>
<BR>[Called By]<UL><LI><a href="#[377]">&gt;&gt;</a>&nbsp;&nbsp;&nbsp;egui_mask_image_blend_rgb565_identity_row
<LI><a href="#[372]">&gt;&gt;</a>&nbsp;&nbsp;&nbsp;egui_mask_image_blend_rgb565_alpha8_identity_row
</UL>

<P><STRONG><a name="[377]"></a>egui_mask_image_blend_rgb565_identity_row</STRONG> (Thumb, 1428 bytes, Stack size 56 bytes, egui_mask_image.o(.text.egui_mask_image_blend_rgb565_identity_row))
<BR><BR>[Stack]<UL><LI>Max Depth = 88<LI>Call Chain = egui_mask_image_blend_rgb565_identity_row &rArr; egui_mask_image_blend_rgb565_row
</UL>
<BR>[Calls]<UL><LI><a href="#[373]">&gt;&gt;</a>&nbsp;&nbsp;&nbsp;egui_mask_image_blend_rgb565_row
</UL>
<BR>[Called By]<UL><LI><a href="#[330]">&gt;&gt;</a>&nbsp;&nbsp;&nbsp;egui_mask_image_blend_rgb565_row_segment
<LI><a href="#[32f]">&gt;&gt;</a>&nbsp;&nbsp;&nbsp;egui_mask_image_blend_rgb565_row_block
</UL>

<P><STRONG><a name="[37a]"></a>egui_mask_round_rectangle_blend_solid_row</STRONG> (Thumb, 420 bytes, Stack size 28 bytes, egui_mask_round_rectangle.o(.text.egui_mask_round_rectangle_blend_solid_row))
<BR><BR>[Stack]<UL><LI>Max Depth = 36<LI>Call Chain = egui_mask_round_rectangle_blend_solid_row &rArr; egui_canvas_fill_color_buffer
</UL>
<BR>[Calls]<UL><LI><a href="#[2da]">&gt;&gt;</a>&nbsp;&nbsp;&nbsp;egui_canvas_fill_color_buffer
</UL>
<BR>[Called By]<UL><LI><a href="#[2dc]">&gt;&gt;</a>&nbsp;&nbsp;&nbsp;egui_mask_round_rectangle_fill_row_segment
</UL>

<P><STRONG><a name="[378]"></a>egui_mask_round_rectangle_blend_rgb565_alpha8_middle</STRONG> (Thumb, 1508 bytes, Stack size 36 bytes, egui_mask_round_rectangle.o(.text.egui_mask_round_rectangle_blend_rgb565_alpha8_middle))
<BR><BR>[Stack]<UL><LI>Max Depth = 36<LI>Call Chain = egui_mask_round_rectangle_blend_rgb565_alpha8_middle
</UL>
<BR>[Called By]<UL><LI><a href="#[346]">&gt;&gt;</a>&nbsp;&nbsp;&nbsp;egui_mask_round_rectangle_blend_rgb565_alpha8_segment
</UL>

<P><STRONG><a name="[379]"></a>egui_mask_round_rectangle_blend_rgb565_alpha8_range</STRONG> (Thumb, 624 bytes, Stack size 44 bytes, egui_mask_round_rectangle.o(.text.egui_mask_round_rectangle_blend_rgb565_alpha8_range))
<BR><BR>[Stack]<UL><LI>Max Depth = 44<LI>Call Chain = egui_mask_round_rectangle_blend_rgb565_alpha8_range
</UL>
<BR>[Called By]<UL><LI><a href="#[346]">&gt;&gt;</a>&nbsp;&nbsp;&nbsp;egui_mask_round_rectangle_blend_rgb565_alpha8_segment
</UL>

<P><STRONG><a name="[3b0]"></a>egui_view_invalidate_full_region</STRONG> (Thumb, 160 bytes, Stack size 32 bytes, egui_view.o(.text.egui_view_invalidate_full_region))
<BR><BR>[Stack]<UL><LI>Max Depth = 156<LI>Call Chain = egui_view_invalidate_full_region &rArr; egui_view_invalidate_region &rArr; egui_core_update_region_dirty &rArr; egui_region_union
</UL>
<BR>[Calls]<UL><LI><a href="#[3ab]">&gt;&gt;</a>&nbsp;&nbsp;&nbsp;egui_view_invalidate_region
<LI><a href="#[2c5]">&gt;&gt;</a>&nbsp;&nbsp;&nbsp;egui_region_init
<LI><a href="#[3af]">&gt;&gt;</a>&nbsp;&nbsp;&nbsp;egui_core_get_dirty_epoch
</UL>
<BR>[Called By]<UL><LI><a href="#[d7]">&gt;&gt;</a>&nbsp;&nbsp;&nbsp;egui_view_on_key_event
</UL>

<P><STRONG><a name="[d8]"></a>egui_view_gauge_get_text_region_basic</STRONG> (Thumb, 60 bytes, Stack size 40 bytes, egui_view_gauge.o(.text.egui_view_gauge_get_text_region_basic))
<BR><BR>[Stack]<UL><LI>Max Depth = 212<LI>Call Chain = egui_view_gauge_get_text_region_basic &rArr; egui_view_ring_text_get_region_basic &rArr; egui_font_get_str_size_with_core &rArr; egui_font_std_get_str_size_with_core &rArr; egui_font_std_get_str_size_with_context &rArr; egui_font_get_utf8_code
</UL>
<BR>[Calls]<UL><LI><a href="#[39a]">&gt;&gt;</a>&nbsp;&nbsp;&nbsp;egui_view_ring_text_get_region_basic
</UL>
<BR>[Address Reference Count : 1]<UL><LI> egui_view_gauge.o(.rodata.egui_view_gauge_basic_text_ops)
</UL>
<P><STRONG><a name="[d9]"></a>egui_view_gauge_draw_text_basic</STRONG> (Thumb, 74 bytes, Stack size 40 bytes, egui_view_gauge.o(.text.egui_view_gauge_draw_text_basic))
<BR><BR>[Stack]<UL><LI>Max Depth = 336<LI>Call Chain = egui_view_gauge_draw_text_basic &rArr; egui_view_ring_text_draw_basic &rArr; egui_canvas_draw_text_in_rect &rArr; egui_font_draw_string_in_rect &rArr; egui_font_get_string_pos_with_canvas &rArr; egui_font_std_get_str_size_with_core &rArr; egui_font_std_get_str_size_with_context &rArr; egui_font_get_utf8_code
</UL>
<BR>[Calls]<UL><LI><a href="#[398]">&gt;&gt;</a>&nbsp;&nbsp;&nbsp;egui_view_ring_text_draw_basic
</UL>
<BR>[Address Reference Count : 1]<UL><LI> egui_view_gauge.o(.rodata.egui_view_gauge_basic_text_ops)
</UL>
<P><STRONG><a name="[da]"></a>egui_view_gauge_get_text_region_rich</STRONG> (Thumb, 562 bytes, Stack size 72 bytes, egui_view_gauge.o(.text.egui_view_gauge_get_text_region_rich))
<BR><BR>[Stack]<UL><LI>Max Depth = 172<LI>Call Chain = egui_view_gauge_get_text_region_rich &rArr; egui_font_get_str_size_with_core &rArr; egui_font_std_get_str_size_with_core &rArr; egui_font_std_get_str_size_with_context &rArr; egui_font_get_utf8_code
</UL>
<BR>[Calls]<UL><LI><a href="#[31c]">&gt;&gt;</a>&nbsp;&nbsp;&nbsp;egui_font_get_str_size_with_core
<LI><a href="#[2f1]">&gt;&gt;</a>&nbsp;&nbsp;&nbsp;egui_region_copy
<LI><a href="#[39b]">&gt;&gt;</a>&nbsp;&nbsp;&nbsp;egui_common_align_get_x_y
<LI><a href="#[399]">&gt;&gt;</a>&nbsp;&nbsp;&nbsp;egui_view_ring_text_format_value
</UL>
<BR>[Address Reference Count : 1]<UL><LI> egui_view_gauge.o(.rodata.egui_view_gauge_rich_text_ops)
</UL>
<P><STRONG><a name="[db]"></a>egui_view_gauge_draw_text_rich</STRONG> (Thumb, 244 bytes, Stack size 72 bytes, egui_view_gauge.o(.text.egui_view_gauge_draw_text_rich))
<BR><BR>[Stack]<UL><LI>Max Depth = 320<LI>Call Chain = egui_view_gauge_draw_text_rich &rArr; egui_canvas_draw_text_in_rect &rArr; egui_font_draw_string_in_rect &rArr; egui_font_get_string_pos_with_canvas &rArr; egui_font_std_get_str_size_with_core &rArr; egui_font_std_get_str_size_with_context &rArr; egui_font_get_utf8_code
</UL>
<BR>[Calls]<UL><LI><a href="#[31c]">&gt;&gt;</a>&nbsp;&nbsp;&nbsp;egui_font_get_str_size_with_core
<LI><a href="#[2ed]">&gt;&gt;</a>&nbsp;&nbsp;&nbsp;egui_canvas_draw_text_in_rect
<LI><a href="#[399]">&gt;&gt;</a>&nbsp;&nbsp;&nbsp;egui_view_ring_text_format_value
</UL>
<BR>[Address Reference Count : 1]<UL><LI> egui_view_gauge.o(.rodata.egui_view_gauge_rich_text_ops)
</UL>
<P><STRONG><a name="[93]"></a>egui_port_ui_init</STRONG> (Thumb, 4 bytes, Stack size 0 bytes, egui_port_stm32l471_fan.o(.text.egui_port_ui_init))
<BR><BR>[Stack]<UL><LI>Max Depth = 1832<LI>Call Chain = egui_port_ui_init &rArr; ui_init &rArr; ui_poetry_popup_init &rArr; ui_poetry_popup_prepare_text &rArr; ui_heiti_font_is_ready &rArr; HeitiFont_Open &rArr; lfs_file_opencfg &rArr; lfs_fs_forceconsistency &rArr; lfs_fs_deorphan &rArr; lfs_dir_orphaningcommit &rArr; lfs_dir_relocatingcommit &rArr; lfs_dir_compact &rArr; lfs_dir_commitcrc &rArr; lfs_dir_commitattr &rArr; lfs_bd_prog &rArr; lfs_bd_flush &rArr; lfs_bd_read &rArr; __aeabi_memcpy
</UL>
<BR>[Calls]<UL><LI><a href="#[388]">&gt;&gt;</a>&nbsp;&nbsp;&nbsp;ui_init
</UL>
<BR>[Address Reference Count : 1]<UL><LI> egui_port_stm32l471_fan.o(.text.egui_port_start)
</UL>
<P><STRONG><a name="[ee]"></a>egui_port_assert_handler</STRONG> (Thumb, 4 bytes, Stack size 0 bytes, egui_port_stm32l471_fan.o(.text.egui_port_assert_handler))
<BR><BR>[Calls]<UL><LI><a href="#[18a]">&gt;&gt;</a>&nbsp;&nbsp;&nbsp;Error_Handler
</UL>
<BR>[Address Reference Count : 1]<UL><LI> egui_port_stm32l471_fan.o(.rodata.s_egui_platform_ops)
</UL>
<P><STRONG><a name="[ef]"></a>egui_port_delay</STRONG> (Thumb, 4 bytes, Stack size 0 bytes, egui_port_stm32l471_fan.o(.text.egui_port_delay))
<BR><BR>[Stack]<UL><LI>Max Depth = 16<LI>Call Chain = egui_port_delay &rArr; HAL_Delay
</UL>
<BR>[Calls]<UL><LI><a href="#[14d]">&gt;&gt;</a>&nbsp;&nbsp;&nbsp;HAL_Delay
</UL>
<BR>[Address Reference Count : 1]<UL><LI> egui_port_stm32l471_fan.o(.rodata.s_egui_platform_ops)
</UL>
<P><STRONG><a name="[f0]"></a>egui_port_get_tick_ms</STRONG> (Thumb, 4 bytes, Stack size 0 bytes, egui_port_stm32l471_fan.o(.text.egui_port_get_tick_ms))
<BR><BR>[Calls]<UL><LI><a href="#[14f]">&gt;&gt;</a>&nbsp;&nbsp;&nbsp;HAL_GetTick
</UL>
<BR>[Address Reference Count : 1]<UL><LI> egui_port_stm32l471_fan.o(.rodata.s_egui_platform_ops)
</UL>
<P><STRONG><a name="[f1]"></a>egui_port_interrupt_disable</STRONG> (Thumb, 12 bytes, Stack size 0 bytes, egui_port_stm32l471_fan.o(.text.egui_port_interrupt_disable))
<BR>[Address Reference Count : 1]<UL><LI> egui_port_stm32l471_fan.o(.rodata.s_egui_platform_ops)
</UL>
<P><STRONG><a name="[f2]"></a>egui_port_interrupt_enable</STRONG> (Thumb, 6 bytes, Stack size 0 bytes, egui_port_stm32l471_fan.o(.text.egui_port_interrupt_enable))
<BR>[Address Reference Count : 1]<UL><LI> egui_port_stm32l471_fan.o(.rodata.s_egui_platform_ops)
</UL>
<P><STRONG><a name="[e9]"></a>egui_lcd_init</STRONG> (Thumb, 34 bytes, Stack size 16 bytes, egui_port_stm32l471_fan.o(.text.egui_lcd_init))
<BR><BR>[Stack]<UL><LI>Max Depth = 448<LI>Call Chain = egui_lcd_init &rArr; LCD_Fill &rArr; LCD_Address_Set &rArr; LCD_WR_DATA &rArr; HAL_SPI_Transmit &rArr; SPI_WaitFifoStateUntilTimeout
</UL>
<BR>[Calls]<UL><LI><a href="#[22a]">&gt;&gt;</a>&nbsp;&nbsp;&nbsp;LCD_Init
<LI><a href="#[229]">&gt;&gt;</a>&nbsp;&nbsp;&nbsp;LCD_Fill
</UL>
<BR>[Address Reference Count : 1]<UL><LI> egui_port_stm32l471_fan.o(.rodata.s_egui_lcd_ops)
</UL>
<P><STRONG><a name="[ea]"></a>egui_lcd_draw_area</STRONG> (Thumb, 152 bytes, Stack size 40 bytes, egui_port_stm32l471_fan.o(.text.egui_lcd_draw_area))
<BR><BR>[Stack]<UL><LI>Max Depth = 224<LI>Call Chain = egui_lcd_draw_area &rArr; LCD_Color_Render_DMA &rArr; LCD_Address_Set &rArr; LCD_WR_DATA &rArr; HAL_SPI_Transmit &rArr; SPI_WaitFifoStateUntilTimeout
</UL>
<BR>[Calls]<UL><LI><a href="#[226]">&gt;&gt;</a>&nbsp;&nbsp;&nbsp;LCD_Color_Render_DMA
<LI><a href="#[223]">&gt;&gt;</a>&nbsp;&nbsp;&nbsp;LCD_Color_Render
<LI><a href="#[370]">&gt;&gt;</a>&nbsp;&nbsp;&nbsp;egui_pfb_notify_flush_complete
</UL>
<BR>[Address Reference Count : 1]<UL><LI> egui_port_stm32l471_fan.o(.rodata.s_egui_lcd_ops)
</UL>
<P><STRONG><a name="[92]"></a>egui_lcd_dma_done</STRONG> (Thumb, 20 bytes, Stack size 0 bytes, egui_port_stm32l471_fan.o(.text.egui_lcd_dma_done))
<BR><BR>[Stack]<UL><LI>Max Depth = 24<LI>Call Chain = egui_lcd_dma_done &rArr; egui_pfb_notify_flush_complete &rArr; egui_pfb_manager_notify_flush_complete &rArr; egui_pfb_manager_start_flush
</UL>
<BR>[Calls]<UL><LI><a href="#[370]">&gt;&gt;</a>&nbsp;&nbsp;&nbsp;egui_pfb_notify_flush_complete
</UL>
<BR>[Address Reference Count : 1]<UL><LI> egui_port_stm32l471_fan.o(.text.egui_lcd_draw_area)
</UL>
<P><STRONG><a name="[eb]"></a>egui_lcd_wait_draw_complete</STRONG> (Thumb, 4 bytes, Stack size 0 bytes, egui_port_stm32l471_fan.o(.text.egui_lcd_wait_draw_complete))
<BR><BR>[Stack]<UL><LI>Max Depth = 152<LI>Call Chain = egui_lcd_wait_draw_complete &rArr; LCD_Color_Render_DMA_Wait &rArr; xQueueGenericReceive &rArr; xTaskResumeAll &rArr; xTaskIncrementTick
</UL>
<BR>[Calls]<UL><LI><a href="#[227]">&gt;&gt;</a>&nbsp;&nbsp;&nbsp;LCD_Color_Render_DMA_Wait
</UL>
<BR>[Address Reference Count : 1]<UL><LI> egui_port_stm32l471_fan.o(.rodata.s_egui_lcd_ops)
</UL>
<P><STRONG><a name="[ec]"></a>egui_lcd_set_brightness</STRONG> (Thumb, 56 bytes, Stack size 8 bytes, egui_port_stm32l471_fan.o(.text.egui_lcd_set_brightness))
<BR><BR>[Stack]<UL><LI>Max Depth = 32<LI>Call Chain = egui_lcd_set_brightness &rArr; LCD_SetBacklightPercent &rArr; HAL_TIM_PWM_Start
</UL>
<BR>[Calls]<UL><LI><a href="#[22b]">&gt;&gt;</a>&nbsp;&nbsp;&nbsp;LCD_SetBacklightPercent
</UL>
<BR>[Address Reference Count : 1]<UL><LI> egui_port_stm32l471_fan.o(.rodata.s_egui_lcd_ops)
</UL>
<P><STRONG><a name="[ed]"></a>egui_lcd_set_power</STRONG> (Thumb, 60 bytes, Stack size 16 bytes, egui_port_stm32l471_fan.o(.text.egui_lcd_set_power))
<BR><BR>[Stack]<UL><LI>Max Depth = 40<LI>Call Chain = egui_lcd_set_power &rArr; LCD_SetBacklightPercent &rArr; HAL_TIM_PWM_Start
</UL>
<BR>[Calls]<UL><LI><a href="#[22b]">&gt;&gt;</a>&nbsp;&nbsp;&nbsp;LCD_SetBacklightPercent
<LI><a href="#[274]">&gt;&gt;</a>&nbsp;&nbsp;&nbsp;SettingsApp_GetActiveBrightnessPercent
</UL>
<BR>[Address Reference Count : 1]<UL><LI> egui_port_stm32l471_fan.o(.rodata.s_egui_lcd_ops)
</UL>
<P><STRONG><a name="[46e]"></a>_fp_digits</STRONG> (Thumb, 366 bytes, Stack size 64 bytes, printfa.o(i._fp_digits), UNUSED)
<BR><BR>[Calls]<UL><LI><a href="#[f7]">&gt;&gt;</a>&nbsp;&nbsp;&nbsp;__aeabi_uldivmod
<LI><a href="#[113]">&gt;&gt;</a>&nbsp;&nbsp;&nbsp;__aeabi_dmul
<LI><a href="#[114]">&gt;&gt;</a>&nbsp;&nbsp;&nbsp;__aeabi_ddiv
<LI><a href="#[10d]">&gt;&gt;</a>&nbsp;&nbsp;&nbsp;__aeabi_dadd
<LI><a href="#[115]">&gt;&gt;</a>&nbsp;&nbsp;&nbsp;__aeabi_d2ulz
<LI><a href="#[46f]">&gt;&gt;</a>&nbsp;&nbsp;&nbsp;__aeabi_cdrcmple
</UL>
<BR>[Called By]<UL><LI><a href="#[461]">&gt;&gt;</a>&nbsp;&nbsp;&nbsp;_printf_core
</UL>

<P><STRONG><a name="[461]"></a>_printf_core</STRONG> (Thumb, 1744 bytes, Stack size 136 bytes, printfa.o(i._printf_core), UNUSED)
<BR><BR>[Calls]<UL><LI><a href="#[f7]">&gt;&gt;</a>&nbsp;&nbsp;&nbsp;__aeabi_uldivmod
<LI><a href="#[472]">&gt;&gt;</a>&nbsp;&nbsp;&nbsp;__aeabi_uidivmod
<LI><a href="#[470]">&gt;&gt;</a>&nbsp;&nbsp;&nbsp;_printf_pre_padding
<LI><a href="#[471]">&gt;&gt;</a>&nbsp;&nbsp;&nbsp;_printf_post_padding
<LI><a href="#[46e]">&gt;&gt;</a>&nbsp;&nbsp;&nbsp;_fp_digits
</UL>
<BR>[Called By]<UL><LI><a href="#[462]">&gt;&gt;</a>&nbsp;&nbsp;&nbsp;__0snprintf
<LI><a href="#[460]">&gt;&gt;</a>&nbsp;&nbsp;&nbsp;__0printf
</UL>

<P><STRONG><a name="[471]"></a>_printf_post_padding</STRONG> (Thumb, 36 bytes, Stack size 24 bytes, printfa.o(i._printf_post_padding), UNUSED)
<BR><BR>[Called By]<UL><LI><a href="#[461]">&gt;&gt;</a>&nbsp;&nbsp;&nbsp;_printf_core
</UL>

<P><STRONG><a name="[470]"></a>_printf_pre_padding</STRONG> (Thumb, 46 bytes, Stack size 24 bytes, printfa.o(i._printf_pre_padding), UNUSED)
<BR><BR>[Called By]<UL><LI><a href="#[461]">&gt;&gt;</a>&nbsp;&nbsp;&nbsp;_printf_core
</UL>

<P><STRONG><a name="[b6]"></a>_snputc</STRONG> (Thumb, 22 bytes, Stack size 0 bytes, printfa.o(i._snputc))
<BR>[Address Reference Count : 1]<UL><LI> printfa.o(i.__0snprintf)
</UL>
<P><STRONG><a name="[74]"></a>_scanf_char_input</STRONG> (Thumb, 12 bytes, Stack size 0 bytes, scanf_char.o(.text))
<BR>[Address Reference Count : 1]<UL><LI> scanf_char.o(.text)
</UL>
<P><STRONG><a name="[108]"></a>_local_sscanf</STRONG> (Thumb, 62 bytes, Stack size 64 bytes, strtod.o(.text))
<BR><BR>[Stack]<UL><LI>Max Depth = 168<LI>Call Chain = _local_sscanf &rArr; _scanf_real
</UL>
<BR>[Calls]<UL><LI><a href="#[109]">&gt;&gt;</a>&nbsp;&nbsp;&nbsp;_scanf_real
</UL>
<BR>[Called By]<UL><LI><a href="#[10a]">&gt;&gt;</a>&nbsp;&nbsp;&nbsp;__strtod_int
</UL>

<P><STRONG><a name="[118]"></a>_fp_value</STRONG> (Thumb, 296 bytes, Stack size 64 bytes, scanf_fp.o(.text), UNUSED)
<BR><BR>[Calls]<UL><LI><a href="#[113]">&gt;&gt;</a>&nbsp;&nbsp;&nbsp;__aeabi_dmul
<LI><a href="#[114]">&gt;&gt;</a>&nbsp;&nbsp;&nbsp;__aeabi_ddiv
<LI><a href="#[119]">&gt;&gt;</a>&nbsp;&nbsp;&nbsp;__aeabi_ul2d
</UL>
<BR>[Called By]<UL><LI><a href="#[11a]">&gt;&gt;</a>&nbsp;&nbsp;&nbsp;_scanf_really_real
</UL>
<P>
<H3>
Undefined Global Symbols
</H3><HR></body></html>
